# n>=32 confirmation | ON=LR_HOLD_MARGIN=0.5,LR_DEFEND=1 | 2026-06-17T05:58:35.431703+00:00
## 2P block: focal vs 1 opp(s), 16 seeds x 2 seats = 32/variant
2P OFF seed=76670184    seat=0 loss steps=118 fl=175 ol=203 max_ms= 325
2P ON seed=76670184    seat=0 WIN  steps=138 fl=238 ol=237 max_ms= 356
2P OFF seed=76670184    seat=1 WIN  steps=146 fl=246 ol=245 max_ms= 412
2P ON seed=76670184    seat=1 WIN  steps=166 fl=313 ol=321 max_ms= 338
2P OFF seed=1492346051  seat=0 WIN  steps=124 fl=167 ol=144 max_ms= 362
2P ON seed=1492346051  seat=0 WIN  steps=133 fl=218 ol=165 max_ms= 376
2P OFF seed=1492346051  seat=1 WIN  steps=128 fl=180 ol=153 max_ms= 257
2P ON seed=1492346051  seat=1 WIN  steps=135 fl=196 ol=164 max_ms= 427
2P OFF seed=768065184   seat=0 loss steps=118 fl=115 ol=110 max_ms= 214
2P ON seed=768065184   seat=0 WIN  steps=155 fl=214 ol=186 max_ms= 387
2P OFF seed=768065184   seat=1 loss steps=128 fl=122 ol=114 max_ms= 230
2P ON seed=768065184   seat=1 loss steps=148 fl=171 ol=167 max_ms= 325
2P OFF seed=641308308   seat=0 WIN  steps=160 fl=253 ol=212 max_ms= 404
2P ON seed=641308308   seat=0 WIN  steps=162 fl=247 ol=209 max_ms= 348
2P OFF seed=641308308   seat=1 WIN  steps=151 fl=227 ol=209 max_ms= 390
2P ON seed=641308308   seat=1 WIN  steps=172 fl=254 ol=246 max_ms= 388
2P OFF seed=305419896   seat=0 loss steps=131 fl=111 ol=139 max_ms= 291
2P ON seed=305419896   seat=0 loss steps=165 fl=187 ol=192 max_ms= 333
2P OFF seed=305419896   seat=1 loss steps=136 fl=109 ol=153 max_ms= 200
2P ON seed=305419896   seat=1 WIN  steps=220 fl=288 ol=273 max_ms= 358
2P OFF seed=12648430    seat=0 WIN  steps=125 fl=90 ol=64 max_ms= 401
2P ON seed=12648430    seat=0 WIN  steps=110 fl=83 ol=63 max_ms= 250
2P OFF seed=12648430    seat=1 WIN  steps=125 fl=90 ol=64 max_ms= 253
2P ON seed=12648430    seat=1 WIN  steps=117 fl=88 ol=55 max_ms= 349
2P OFF seed=20240617    seat=0 WIN  steps=118 fl=130 ol=119 max_ms= 237
2P ON seed=20240617    seat=0 WIN  steps=123 fl=134 ol=114 max_ms= 237
2P OFF seed=20240617    seat=1 WIN  steps=129 fl=133 ol=137 max_ms= 319
2P ON seed=20240617    seat=1 WIN  steps=130 fl=128 ol=126 max_ms= 219
2P OFF seed=88888883    seat=0 WIN  steps=500 fl=91 ol=91 max_ms= 358
2P ON seed=88888883    seat=0 WIN  steps=500 fl=91 ol=91 max_ms= 359
2P OFF seed=88888883    seat=1 WIN  steps=500 fl=91 ol=91 max_ms= 323
2P ON seed=88888883    seat=1 WIN  steps=500 fl=91 ol=91 max_ms= 361
2P OFF seed=13          seat=0 loss steps=157 fl=259 ol=285 max_ms= 377
2P ON seed=13          seat=0 WIN  steps=146 fl=337 ol=270 max_ms= 410
2P OFF seed=13          seat=1 loss steps=152 fl=283 ol=310 max_ms= 455
2P ON seed=13          seat=1 WIN  steps=144 fl=309 ol=245 max_ms= 385
2P OFF seed=42          seat=0 WIN  steps=185 fl=250 ol=247 max_ms= 196
2P ON seed=42          seat=0 WIN  steps=160 fl=245 ol=162 max_ms= 334
2P OFF seed=42          seat=1 WIN  steps=146 fl=168 ol=178 max_ms= 187
2P ON seed=42          seat=1 loss steps=203 fl=272 ol=289 max_ms= 349
2P OFF seed=777         seat=0 WIN  steps=155 fl=201 ol=229 max_ms= 376
2P ON seed=777         seat=0 loss steps=210 fl=294 ol=263 max_ms= 351
2P OFF seed=777         seat=1 WIN  steps=171 fl=204 ol=238 max_ms= 299
2P ON seed=777         seat=1 WIN  steps=146 fl=229 ol=179 max_ms= 276
2P OFF seed=2024        seat=0 WIN  steps=135 fl=278 ol=214 max_ms= 356
2P ON seed=2024        seat=0 WIN  steps=129 fl=228 ol=218 max_ms= 376
2P OFF seed=2024        seat=1 WIN  steps=137 fl=269 ol=198 max_ms= 434
2P ON seed=2024        seat=1 WIN  steps=162 fl=370 ol=320 max_ms= 379
2P OFF seed=555555      seat=0 loss steps=110 fl=139 ol=140 max_ms= 241
2P ON seed=555555      seat=0 loss steps=146 fl=225 ol=192 max_ms= 522
2P OFF seed=555555      seat=1 loss steps=132 fl=187 ol=201 max_ms= 266
2P ON seed=555555      seat=1 loss steps=145 fl=247 ol=208 max_ms= 286
2P OFF seed=31337       seat=0 WIN  steps=141 fl=151 ol=126 max_ms= 351
2P ON seed=31337       seat=0 WIN  steps=172 fl=204 ol=211 max_ms= 240
2P OFF seed=31337       seat=1 WIN  steps=149 fl=167 ol=137 max_ms= 267
2P ON seed=31337       seat=1 WIN  steps=131 fl=155 ol=135 max_ms= 225
2P OFF seed=9001        seat=0 WIN  steps=205 fl=315 ol=271 max_ms= 381
2P ON seed=9001        seat=0 loss steps=284 fl=377 ol=352 max_ms= 403
2P OFF seed=9001        seat=1 WIN  steps=165 fl=234 ol=197 max_ms= 235
2P ON seed=9001        seat=1 WIN  steps=217 fl=338 ol=260 max_ms= 360
2P OFF seed=123456789   seat=0 WIN  steps=185 fl=89 ol=92 max_ms= 326
2P ON seed=123456789   seat=0 loss steps=338 fl=146 ol=173 max_ms= 370
2P OFF seed=123456789   seat=1 WIN  steps=166 fl=72 ol=72 max_ms= 354
2P ON seed=123456789   seat=1 loss steps=338 fl=146 ol=174 max_ms= 378
# 2P RESULT  OFF 23/32  ON 23/32  (idle OFF=0 ON=0; max_ms OFF=455 ON=522)
## 4P block: focal vs 3 opp(s), 8 seeds x 4 seats = 32/variant
4P OFF seed=76670184    seat=0 loss steps=125 fl=147 ol=187 max_ms= 456
4P ON seed=76670184    seat=0 loss steps=103 fl=93 ol=150 max_ms= 402
4P OFF seed=76670184    seat=1 WIN  steps=99 fl=131 ol=144 max_ms= 360
4P ON seed=76670184    seat=1 WIN  steps=111 fl=134 ol=145 max_ms= 373
4P OFF seed=76670184    seat=2 loss steps=142 fl=201 ol=242 max_ms= 398
4P ON seed=76670184    seat=2 loss steps=119 fl=114 ol=148 max_ms= 418
4P OFF seed=76670184    seat=3 loss steps=133 fl=78 ol=170 max_ms= 372
4P ON seed=76670184    seat=3 loss steps=113 fl=101 ol=165 max_ms= 598
