# n>=32 confirmation (independent seeds) | ON=LR_HOLD_MARGIN=0.5,LR_DEFEND=1 | 2026-06-17T06:43:54.777646+00:00
## 2P block: focal vs 1 opp(s), 32 DISTINCT seeds (one game/seed; seat rotated across seeds) = 32/variant
2P OFF seed=148836657   seat=0 loss steps=124 fl=194 ol=231 max_ms= 328
2P ON seed=148836657   seat=0 WIN  steps=149 fl=327 ol=262 max_ms= 316
2P OFF seed=417780669   seat=1 WIN  steps=164 fl=291 ol=288 max_ms= 236
2P ON seed=417780669   seat=1 WIN  steps=147 fl=247 ol=233 max_ms= 418
2P OFF seed=1858144313  seat=0 WIN  steps=197 fl=431 ol=438 max_ms= 377
2P ON seed=1858144313  seat=0 WIN  steps=118 fl=206 ol=168 max_ms= 310
2P OFF seed=45423699    seat=1 loss steps=130 fl=158 ol=206 max_ms= 203
2P ON seed=45423699    seat=1 loss steps=151 fl=222 ol=223 max_ms= 315
2P OFF seed=366256388   seat=0 loss steps=121 fl=81 ol=105 max_ms= 169
2P ON seed=366256388   seat=0 loss steps=135 fl=147 ol=111 max_ms= 182
2P OFF seed=963300449   seat=1 WIN  steps=260 fl=122 ol=94 max_ms= 260
2P ON seed=963300449   seat=1 WIN  steps=237 fl=129 ol=87 max_ms= 220
2P OFF seed=463326940   seat=0 loss steps=500 fl=411 ol=407 max_ms= 334
2P ON seed=463326940   seat=0 WIN  steps=143 fl=160 ol=150 max_ms= 329
2P OFF seed=1697003528  seat=1 loss steps=166 fl=377 ol=358 max_ms= 320
2P ON seed=1697003528  seat=1 WIN  steps=126 fl=241 ol=252 max_ms= 387
2P OFF seed=195740747   seat=0 WIN  steps=133 fl=60 ol=69 max_ms= 229
2P ON seed=195740747   seat=0 WIN  steps=111 fl=67 ol=53 max_ms= 257
2P OFF seed=326233406   seat=1 loss steps=276 fl=347 ol=188 max_ms= 335
2P ON seed=326233406   seat=1 WIN  steps=150 fl=95 ol=89 max_ms= 392
2P OFF seed=1826504195  seat=0 WIN  steps=124 fl=90 ol=38 max_ms= 323
2P ON seed=1826504195  seat=0 WIN  steps=142 fl=110 ol=64 max_ms= 351
2P OFF seed=1355282661  seat=1 WIN  steps=147 fl=126 ol=107 max_ms= 178
2P ON seed=1355282661  seat=1 WIN  steps=233 fl=228 ol=223 max_ms= 203
2P OFF seed=1344356457  seat=0 WIN  steps=198 fl=362 ol=284 max_ms= 389
2P ON seed=1344356457  seat=0 WIN  steps=122 fl=186 ol=161 max_ms= 376
2P OFF seed=719259425   seat=1 loss steps=500 fl=90 ol=179 max_ms= 334
2P ON seed=719259425   seat=1 loss steps=500 fl=115 ol=279 max_ms= 333
2P OFF seed=1710459148  seat=0 WIN  steps=144 fl=239 ol=198 max_ms= 376
2P ON seed=1710459148  seat=0 loss steps=133 fl=178 ol=160 max_ms= 278
2P OFF seed=1777755266  seat=1 WIN  steps=210 fl=447 ol=418 max_ms= 362
2P ON seed=1777755266  seat=1 WIN  steps=141 fl=233 ol=183 max_ms= 258
2P OFF seed=329135252   seat=0 loss steps=118 fl=140 ol=151 max_ms= 223
2P ON seed=329135252   seat=0 loss steps=132 fl=197 ol=173 max_ms= 271
2P OFF seed=725381106   seat=1 loss steps=170 fl=128 ol=140 max_ms= 186
2P ON seed=725381106   seat=1 loss steps=138 fl=105 ol=86 max_ms= 197
2P OFF seed=94140170    seat=0 WIN  steps=195 fl=108 ol=81 max_ms= 350
2P ON seed=94140170    seat=0 WIN  steps=125 fl=59 ol=34 max_ms= 200
2P OFF seed=1521499859  seat=1 WIN  steps=168 fl=146 ol=138 max_ms= 287
2P ON seed=1521499859  seat=1 WIN  steps=162 fl=152 ol=134 max_ms= 196
2P OFF seed=538479253   seat=0 loss steps=176 fl=268 ol=295 max_ms= 347
2P ON seed=538479253   seat=0 loss steps=143 fl=205 ol=230 max_ms= 333
2P OFF seed=1221550637  seat=1 WIN  steps=183 fl=33 ol=19 max_ms= 170
2P ON seed=1221550637  seat=1 WIN  steps=212 fl=33 ol=16 max_ms= 189
2P OFF seed=488531111   seat=0 WIN  steps=157 fl=144 ol=114 max_ms= 316
2P ON seed=488531111   seat=0 WIN  steps=150 fl=146 ol=82 max_ms= 383
2P OFF seed=1464056244  seat=1 loss steps=94 fl=38 ol=57 max_ms= 151
2P ON seed=1464056244  seat=1 loss steps=87 fl=30 ol=46 max_ms= 155
2P OFF seed=1153602044  seat=0 loss steps=122 fl=131 ol=123 max_ms= 192
2P ON seed=1153602044  seat=0 loss steps=204 fl=312 ol=287 max_ms= 315
2P OFF seed=1276732939  seat=1 loss steps=500 fl=241 ol=307 max_ms= 319
2P ON seed=1276732939  seat=1 WIN  steps=157 fl=169 ol=142 max_ms= 477
2P OFF seed=231881697   seat=0 WIN  steps=152 fl=205 ol=182 max_ms= 335
2P ON seed=231881697   seat=0 WIN  steps=134 fl=173 ol=126 max_ms= 298
2P OFF seed=604158164   seat=1 loss steps=129 fl=269 ol=247 max_ms= 239
2P ON seed=604158164   seat=1 loss steps=157 fl=347 ol=348 max_ms= 376
2P OFF seed=625894567   seat=0 loss steps=140 fl=270 ol=271 max_ms= 380
2P ON seed=625894567   seat=0 loss steps=135 fl=292 ol=264 max_ms= 324
2P OFF seed=148210269   seat=1 loss steps=115 fl=182 ol=176 max_ms= 242
2P ON seed=148210269   seat=1 WIN  steps=136 fl=265 ol=229 max_ms= 276
2P OFF seed=1345057046  seat=0 loss steps=157 fl=310 ol=306 max_ms= 423
2P ON seed=1345057046  seat=0 WIN  steps=148 fl=304 ol=331 max_ms= 353
2P OFF seed=90899134    seat=1 loss steps=130 fl=228 ol=211 max_ms= 324
2P ON seed=90899134    seat=1 WIN  steps=169 fl=333 ol=322 max_ms= 345
# 2P RESULT  OFF 14/32  ON 21/32  (idle OFF=0 ON=0; max_ms OFF=423 ON=477)
## 4P block: focal vs 3 opp(s), 32 DISTINCT seeds (one game/seed; seat rotated across seeds) = 32/variant
4P OFF seed=1115768738  seat=0 loss steps=184 fl=79 ol=393 max_ms= 495
4P ON seed=1115768738  seat=0 loss steps=153 fl=85 ol=320 max_ms= 428
4P OFF seed=805592932   seat=1 loss steps=184 fl=147 ol=293 max_ms= 373
4P ON seed=805592932   seat=1 loss steps=166 fl=118 ol=354 max_ms= 365
4P OFF seed=274545372   seat=2 WIN  steps=126 fl=115 ol=189 max_ms= 468
4P ON seed=274545372   seat=2 WIN  steps=118 fl=116 ol=162 max_ms= 569
4P OFF seed=1745559727  seat=3 WIN  steps=107 fl=156 ol=179 max_ms= 423
4P ON seed=1745559727  seat=3 WIN  steps=105 fl=158 ol=168 max_ms= 444
