# continuous-ab  2026-06-19T06:53:37.395845+00:00  | 2P vs slawekbiel_the-producer-v2 | seeds 5000..5039 (n=40) | variants=base,native,native_t6,native_t24,native_st8,native_st3 | 240 games to run (0 already done)
  [  1/240] native_t6     seed=5000 seat=0  loss  margin=-1.000  steps=131 max_ms=534.4  (eta 11913s)
  [  2/240] native_t24    seed=5000 seat=0  loss  margin=-1.000  steps=137 max_ms=524.5  (eta 6563s)
  [  3/240] native        seed=5000 seat=0  WIN   margin=+1.000  steps=138 max_ms=541.4  (eta 4439s)
  [  4/240] base          seed=5000 seat=0  WIN   margin=+0.962  steps=500 max_ms=373.4  (eta 3701s)
  [  5/240] base          seed=5001 seat=1  loss  margin=-1.000  steps=145 max_ms=90.8  (eta 3684s)
  [  6/240] native_st8    seed=5000 seat=0  loss  margin=-1.000  steps=158 max_ms=470.1  (eta 4016s)
  [  7/240] native        seed=5001 seat=1  loss  margin=-1.000  steps=132 max_ms=378.2  (eta 3487s)
  [  8/240] native_st3    seed=5000 seat=0  WIN   margin=+1.000  steps=147 max_ms=478.4  (eta 3185s)
  [  9/240] native_t6     seed=5001 seat=1  loss  margin=-1.000  steps=165 max_ms=394.3  (eta 3406s)
  [ 10/240] native_st8    seed=5001 seat=1  loss  margin=-1.000  steps=107 max_ms=376.8  (eta 3241s)
  [ 11/240] native_t24    seed=5001 seat=1  loss  margin=-1.000  steps=123 max_ms=469.6  (eta 2979s)
  [ 12/240] base          seed=5002 seat=0  loss  margin=-1.000  steps=140 max_ms=55.7  (eta 2850s)
  [ 13/240] native_st3    seed=5001 seat=1  loss  margin=-1.000  steps=141 max_ms=311.3  (eta 2707s)
  [ 14/240] native        seed=5002 seat=0  loss  margin=-1.000  steps=110 max_ms=450.2  (eta 2847s)
  [ 15/240] native_t24    seed=5002 seat=0  loss  margin=-1.000  steps=115 max_ms=276.3  (eta 2792s)
  [ 16/240] native_st8    seed=5002 seat=0  loss  margin=-1.000  steps=106 max_ms=467.1  (eta 2657s)
  [ 17/240] base          seed=5003 seat=1  loss  margin=-1.000  steps=153 max_ms=263.5  (eta 2674s)
  [ 18/240] native_t6     seed=5002 seat=0  WIN   margin=+1.000  steps=183 max_ms=309.2  (eta 2560s)
  [ 19/240] native_st3    seed=5002 seat=0  loss  margin=-1.000  steps=110 max_ms=281.3  (eta 2509s)
  [ 20/240] native        seed=5003 seat=1  WIN   margin=+1.000  steps=187 max_ms=295.1  (eta 2733s)
  [ 21/240] native_t6     seed=5003 seat=1  loss  margin=-1.000  steps=165 max_ms=293.7  (eta 2643s)
  [ 22/240] native_t24    seed=5003 seat=1  loss  margin=-1.000  steps=156 max_ms=370.9  (eta 2634s)
  [ 23/240] native_st8    seed=5003 seat=1  loss  margin=-1.000  steps=142 max_ms=317.7  (eta 2509s)
  [ 24/240] base          seed=5004 seat=0  WIN   margin=+1.000  steps=222 max_ms=256.9  (eta 2481s)
  [ 25/240] native_st3    seed=5003 seat=1  loss  margin=-1.000  steps=171 max_ms=304.5  (eta 2624s)
  [ 26/240] native        seed=5004 seat=0  loss  margin=-1.000  steps=130 max_ms=598.5  (eta 2551s)
  [ 27/240] native_t24    seed=5004 seat=0  loss  margin=-1.000  steps=118 max_ms=309.6  (eta 2478s)
  [ 28/240] native_t6     seed=5004 seat=0  loss  margin=-1.000  steps=179 max_ms=282.6  (eta 2403s)
  [ 29/240] base          seed=5005 seat=1  WIN   margin=+1.000  steps=138 max_ms=58.3  (eta 2409s)
  [ 30/240] native_st8    seed=5004 seat=0  loss  margin=-1.000  steps=118 max_ms=295.2  (eta 2430s)
  [ 31/240] native_st3    seed=5004 seat=0  loss  margin=-1.000  steps=136 max_ms=338.3  (eta 2414s)
  [ 32/240] native_t6     seed=5005 seat=1  loss  margin=-1.000  steps=127 max_ms=446.0  (eta 2405s)
  [ 33/240] native        seed=5005 seat=1  WIN   margin=+1.000  steps=187 max_ms=369.7  (eta 2377s)
  [ 34/240] native_t24    seed=5005 seat=1  loss  margin=-1.000  steps=120 max_ms=471.0  (eta 2351s)
  [ 35/240] native_st8    seed=5005 seat=1  loss  margin=-1.000  steps=128 max_ms=305.0  (eta 2359s)
  [ 36/240] base          seed=5006 seat=0  loss  margin=-0.950  steps=500 max_ms=414.0  (eta 2421s)
  [ 37/240] native_st3    seed=5005 seat=1  loss  margin=-1.000  steps=214 max_ms=373.8  (eta 2410s)
  [ 38/240] native        seed=5006 seat=0  loss  margin=-1.000  steps=185 max_ms=453.9  (eta 2403s)
  [ 39/240] native_t6     seed=5006 seat=0  loss  margin=-1.000  steps=191 max_ms=578.3  (eta 2395s)
  [ 40/240] native_t24    seed=5006 seat=0  loss  margin=-1.000  steps=142 max_ms=526.7  (eta 2422s)
  [ 41/240] base          seed=5007 seat=1  WIN   margin=+1.000  steps=184 max_ms=116.6  (eta 2395s)
  [ 42/240] native_st8    seed=5006 seat=0  loss  margin=-1.000  steps=176 max_ms=742.4  (eta 2429s)
  [ 43/240] native_st3    seed=5006 seat=0  loss  margin=-1.000  steps=160 max_ms=622.9  (eta 2411s)
  [ 44/240] native        seed=5007 seat=1  loss  margin=-1.000  steps=179 max_ms=702.2  (eta 2500s)
  [ 45/240] native_t6     seed=5007 seat=1  loss  margin=-1.000  steps=152 max_ms=601.0  (eta 2457s)
  [ 46/240] native_t24    seed=5007 seat=1  loss  margin=-1.000  steps=127 max_ms=632.7  (eta 2434s)
  [ 47/240] base          seed=5008 seat=0  loss  margin=-1.000  steps=128 max_ms=128.8  (eta 2421s)
  [ 48/240] native        seed=5008 seat=0  loss  margin=-1.000  steps=111 max_ms=614.7  (eta 2508s)
  [ 49/240] native_t6     seed=5008 seat=0  loss  margin=-1.000  steps=118 max_ms=596.8  (eta 2469s)
  [ 50/240] native_st8    seed=5007 seat=1  WIN   margin=+1.000  steps=239 max_ms=596.4  (eta 2409s)
  [ 51/240] native_st3    seed=5007 seat=1  loss  margin=-1.000  steps=226 max_ms=625.4  (eta 2412s)
  [ 52/240] native_st3    seed=5008 seat=0  loss  margin=-1.000  steps=92 max_ms=450.9  (eta 2402s)
  [ 53/240] native_st8    seed=5008 seat=0  loss  margin=-1.000  steps=117 max_ms=483.6  (eta 2364s)
  [ 54/240] base          seed=5009 seat=1  loss  margin=-1.000  steps=147 max_ms=67.3  (eta 2310s)
  [ 55/240] native_t24    seed=5008 seat=0  WIN   margin=+1.000  steps=148 max_ms=327.0  (eta 2270s)
  [ 56/240] native        seed=5009 seat=1  loss  margin=-1.000  steps=113 max_ms=733.7  (eta 2309s)
  [ 57/240] native_t24    seed=5009 seat=1  loss  margin=-1.000  steps=103 max_ms=431.4  (eta 2270s)
  [ 58/240] native_st8    seed=5009 seat=1  loss  margin=-1.000  steps=120 max_ms=404.9  (eta 2250s)
  [ 59/240] base          seed=5010 seat=0  WIN   margin=+1.000  steps=150 max_ms=321.3  (eta 2223s)
  [ 60/240] native_st3    seed=5009 seat=1  loss  margin=-1.000  steps=113 max_ms=275.8  (eta 2218s)
  [ 61/240] native_t6     seed=5009 seat=1  WIN   margin=+1.000  steps=259 max_ms=356.0  (eta 2192s)
  [ 62/240] native        seed=5010 seat=0  loss  margin=-1.000  steps=109 max_ms=370.8  (eta 2160s)
  [ 63/240] native_t24    seed=5010 seat=0  loss  margin=-1.000  steps=125 max_ms=452.5  (eta 2185s)
  [ 64/240] native_t6     seed=5010 seat=0  WIN   margin=+1.000  steps=177 max_ms=456.8  (eta 2147s)
  [ 65/240] native_st8    seed=5010 seat=0  loss  margin=-1.000  steps=114 max_ms=409.1  (eta 2109s)
  [ 66/240] base          seed=5011 seat=1  WIN   margin=+1.000  steps=131 max_ms=65.4  (eta 2093s)
  [ 67/240] native_st3    seed=5010 seat=0  loss  margin=-1.000  steps=133 max_ms=447.9  (eta 2052s)
  [ 68/240] native_t6     seed=5011 seat=1  loss  margin=-1.000  steps=143 max_ms=305.1  (eta 2092s)
  [ 69/240] native_t24    seed=5011 seat=1  loss  margin=-1.000  steps=118 max_ms=257.7  (eta 2052s)
  [ 70/240] native        seed=5011 seat=1  loss  margin=-1.000  steps=174 max_ms=278.6  (eta 2022s)
  [ 71/240] base          seed=5012 seat=0  WIN   margin=+1.000  steps=119 max_ms=263.9  (eta 2006s)
  [ 72/240] native_st8    seed=5011 seat=1  WIN   margin=+1.000  steps=230 max_ms=260.1  (eta 2011s)
  [ 73/240] native        seed=5012 seat=0  loss  margin=-1.000  steps=124 max_ms=288.8  (eta 1992s)
  [ 74/240] native_st3    seed=5011 seat=1  loss  margin=-1.000  steps=168 max_ms=295.2  (eta 1972s)
  [ 75/240] native_t6     seed=5012 seat=0  WIN   margin=+1.000  steps=173 max_ms=286.1  (eta 1974s)
  [ 76/240] native_t24    seed=5012 seat=0  WIN   margin=+1.000  steps=137 max_ms=258.8  (eta 1951s)
  [ 77/240] base          seed=5013 seat=1  WIN   margin=+1.000  steps=141 max_ms=67.3  (eta 1938s)
  [ 78/240] native_st3    seed=5012 seat=0  loss  margin=-1.000  steps=135 max_ms=268.0  (eta 1907s)
  [ 79/240] native_st8    seed=5012 seat=0  loss  margin=-1.000  steps=218 max_ms=264.1  (eta 1892s)
  [ 80/240] native        seed=5013 seat=1  WIN   margin=+1.000  steps=136 max_ms=251.8  (eta 1894s)
  [ 81/240] native_t24    seed=5013 seat=1  loss  margin=-1.000  steps=97 max_ms=300.4  (eta 1864s)
  [ 82/240] base          seed=5014 seat=0  loss  margin=-1.000  steps=124 max_ms=268.4  (eta 1861s)
  [ 83/240] native_t6     seed=5013 seat=1  WIN   margin=+1.000  steps=157 max_ms=303.1  (eta 1833s)
  [ 84/240] native_st8    seed=5013 seat=1  WIN   margin=+1.000  steps=145 max_ms=268.2  (eta 1808s)
  [ 85/240] native_st3    seed=5013 seat=1  WIN   margin=+1.000  steps=111 max_ms=267.9  (eta 1793s)
  [ 86/240] native_t24    seed=5014 seat=0  loss  margin=-1.000  steps=106 max_ms=464.4  (eta 1803s)
  [ 87/240] native_t6     seed=5014 seat=0  WIN   margin=+1.000  steps=125 max_ms=298.1  (eta 1780s)
  [ 88/240] native        seed=5014 seat=0  WIN   margin=+1.000  steps=175 max_ms=460.4  (eta 1761s)
  [ 89/240] native_st8    seed=5014 seat=0  WIN   margin=+1.000  steps=132 max_ms=248.8  (eta 1737s)
  [ 90/240] base          seed=5015 seat=1  WIN   margin=+1.000  steps=127 max_ms=335.5  (eta 1713s)
  [ 91/240] native        seed=5015 seat=1  loss  margin=-1.000  steps=116 max_ms=272.1  (eta 1728s)
  [ 92/240] native_st3    seed=5014 seat=0  loss  margin=-1.000  steps=162 max_ms=260.4  (eta 1698s)
  [ 93/240] native_t6     seed=5015 seat=1  loss  margin=-1.000  steps=127 max_ms=249.5  (eta 1675s)
  [ 94/240] native_t24    seed=5015 seat=1  loss  margin=-1.000  steps=114 max_ms=327.2  (eta 1652s)
  [ 95/240] base          seed=5016 seat=0  WIN   margin=+1.000  steps=145 max_ms=55.7  (eta 1645s)
  [ 96/240] native_st8    seed=5015 seat=1  loss  margin=-1.000  steps=95 max_ms=240.4  (eta 1626s)
  [ 97/240] native_st3    seed=5015 seat=1  WIN   margin=+1.000  steps=120 max_ms=246.8  (eta 1609s)
  [ 98/240] native        seed=5016 seat=0  WIN   margin=+1.000  steps=136 max_ms=297.0  (eta 1606s)
  [ 99/240] native_t6     seed=5016 seat=0  WIN   margin=+1.000  steps=142 max_ms=274.1  (eta 1598s)
  [100/240] base          seed=5017 seat=1  loss  margin=-1.000  steps=137 max_ms=50.4  (eta 1594s)
  [101/240] native_t24    seed=5016 seat=0  WIN   margin=+1.000  steps=177 max_ms=281.4  (eta 1568s)
  [102/240] native_st8    seed=5016 seat=0  WIN   margin=+1.000  steps=164 max_ms=294.6  (eta 1553s)
  [103/240] native_st3    seed=5016 seat=0  WIN   margin=+1.000  steps=174 max_ms=443.1  (eta 1546s)
  [104/240] native        seed=5017 seat=1  loss  margin=-1.000  steps=120 max_ms=260.0  (eta 1536s)
  [105/240] native_t6     seed=5017 seat=1  loss  margin=-1.000  steps=136 max_ms=432.5  (eta 1516s)
  [106/240] native_t24    seed=5017 seat=1  loss  margin=-1.000  steps=130 max_ms=271.4  (eta 1503s)
  [107/240] base          seed=5018 seat=0  loss  margin=-1.000  steps=136 max_ms=49.5  (eta 1486s)
  [108/240] native_st8    seed=5017 seat=1  loss  margin=-1.000  steps=131 max_ms=255.4  (eta 1468s)
  [109/240] native_st3    seed=5017 seat=1  loss  margin=-1.000  steps=140 max_ms=272.1  (eta 1465s)
  [110/240] native        seed=5018 seat=0  WIN   margin=+1.000  steps=158 max_ms=257.2  (eta 1462s)
  [111/240] native_t6     seed=5018 seat=0  loss  margin=-1.000  steps=136 max_ms=264.3  (eta 1439s)
  [112/240] base          seed=5019 seat=1  WIN   margin=+1.000  steps=123 max_ms=49.7  (eta 1432s)
  [113/240] native_t24    seed=5018 seat=0  loss  margin=-1.000  steps=177 max_ms=260.1  (eta 1408s)
  [114/240] native_st8    seed=5018 seat=0  loss  margin=-1.000  steps=166 max_ms=304.4  (eta 1408s)
  [115/240] native_st3    seed=5018 seat=0  loss  margin=-1.000  steps=145 max_ms=251.6  (eta 1391s)
  [116/240] native_t6     seed=5019 seat=1  loss  margin=-1.000  steps=119 max_ms=257.0  (eta 1379s)
  [117/240] native        seed=5019 seat=1  loss  margin=-1.000  steps=147 max_ms=281.5  (eta 1362s)
  [118/240] native_t24    seed=5019 seat=1  loss  margin=-1.000  steps=121 max_ms=290.0  (eta 1357s)
  [119/240] native_st8    seed=5019 seat=1  loss  margin=-1.000  steps=118 max_ms=258.7  (eta 1337s)
  [120/240] base          seed=5020 seat=0  WIN   margin=+1.000  steps=228 max_ms=57.4  (eta 1320s)
  [121/240] native_st3    seed=5019 seat=1  loss  margin=-1.000  steps=130 max_ms=274.9  (eta 1308s)
  [122/240] native        seed=5020 seat=0  loss  margin=-1.000  steps=160 max_ms=308.8  (eta 1319s)
  [123/240] native_t24    seed=5020 seat=0  loss  margin=-1.000  steps=138 max_ms=285.6  (eta 1297s)
  [124/240] native_t6     seed=5020 seat=0  loss  margin=-1.000  steps=150 max_ms=547.7  (eta 1278s)
  [125/240] native_st8    seed=5020 seat=0  loss  margin=-1.000  steps=157 max_ms=286.4  (eta 1271s)
  [126/240] base          seed=5021 seat=1  loss  margin=-1.000  steps=166 max_ms=58.3  (eta 1251s)
  [127/240] native        seed=5021 seat=1  loss  margin=-1.000  steps=141 max_ms=279.9  (eta 1255s)
  [128/240] native_st3    seed=5020 seat=0  loss  margin=-1.000  steps=150 max_ms=299.2  (eta 1237s)
  [129/240] native_t24    seed=5021 seat=1  loss  margin=-1.000  steps=122 max_ms=300.5  (eta 1226s)
  [130/240] native_t6     seed=5021 seat=1  loss  margin=-1.000  steps=157 max_ms=331.4  (eta 1215s)
  [131/240] base          seed=5022 seat=0  WIN   margin=+1.000  steps=142 max_ms=63.6  (eta 1200s)
  [132/240] native_st8    seed=5021 seat=1  loss  margin=-1.000  steps=148 max_ms=281.0  (eta 1190s)
  [133/240] native_st3    seed=5021 seat=1  loss  margin=-1.000  steps=162 max_ms=309.6  (eta 1182s)
  [134/240] native        seed=5022 seat=0  loss  margin=-1.000  steps=120 max_ms=436.2  (eta 1164s)
  [135/240] native_t6     seed=5022 seat=0  loss  margin=-1.000  steps=103 max_ms=531.4  (eta 1150s)
  [136/240] native_t24    seed=5022 seat=0  loss  margin=-1.000  steps=105 max_ms=242.9  (eta 1136s)
  [137/240] base          seed=5023 seat=1  loss  margin=-1.000  steps=145 max_ms=57.8  (eta 1125s)
  [138/240] native_st8    seed=5022 seat=0  loss  margin=-1.000  steps=108 max_ms=476.3  (eta 1110s)
  [139/240] native_st3    seed=5022 seat=0  loss  margin=-1.000  steps=125 max_ms=549.3  (eta 1099s)
  [140/240] native        seed=5023 seat=1  loss  margin=-1.000  steps=169 max_ms=273.3  (eta 1097s)
  [141/240] native_t24    seed=5023 seat=1  WIN   margin=+1.000  steps=155 max_ms=260.6  (eta 1088s)
  [142/240] native_t6     seed=5023 seat=1  loss  margin=-1.000  steps=185 max_ms=311.5  (eta 1075s)
  [143/240] base          seed=5024 seat=0  WIN   margin=+1.000  steps=166 max_ms=266.3  (eta 1064s)
  [144/240] native_st8    seed=5023 seat=1  WIN   margin=+1.000  steps=188 max_ms=344.3  (eta 1049s)
  [145/240] native_st3    seed=5023 seat=1  loss  margin=-1.000  steps=153 max_ms=298.4  (eta 1039s)
  [146/240] native        seed=5024 seat=0  loss  margin=-1.000  steps=137 max_ms=540.4  (eta 1033s)
  [147/240] native_t6     seed=5024 seat=0  loss  margin=-1.000  steps=140 max_ms=277.2  (eta 1017s)
  [148/240] native_t24    seed=5024 seat=0  loss  margin=-1.000  steps=176 max_ms=477.4  (eta 1012s)
  [149/240] base          seed=5025 seat=1  WIN   margin=+1.000  steps=236 max_ms=272.7  (eta 996s)
  [150/240] native_st8    seed=5024 seat=0  loss  margin=-1.000  steps=149 max_ms=538.3  (eta 980s)
  [151/240] native_st3    seed=5024 seat=0  loss  margin=-1.000  steps=117 max_ms=299.7  (eta 969s)
  [152/240] native        seed=5025 seat=1  loss  margin=-1.000  steps=144 max_ms=279.6  (eta 967s)
  [153/240] native_t6     seed=5025 seat=1  loss  margin=-1.000  steps=150 max_ms=287.3  (eta 955s)
  [154/240] native_t24    seed=5025 seat=1  WIN   margin=+1.000  steps=182 max_ms=271.5  (eta 942s)
  [155/240] native_st8    seed=5025 seat=1  loss  margin=-1.000  steps=156 max_ms=286.2  (eta 929s)
  [156/240] base          seed=5026 seat=0  loss  margin=-1.000  steps=174 max_ms=70.8  (eta 915s)
  [157/240] native        seed=5026 seat=0  loss  margin=-1.000  steps=94 max_ms=277.8  (eta 908s)
  [158/240] native_st3    seed=5025 seat=1  loss  margin=-1.000  steps=166 max_ms=266.1  (eta 892s)
  [159/240] native_t24    seed=5026 seat=0  loss  margin=-1.000  steps=96 max_ms=292.0  (eta 884s)
  [160/240] native_t6     seed=5026 seat=0  loss  margin=-1.000  steps=134 max_ms=472.3  (eta 869s)
  [161/240] native_st3    seed=5026 seat=0  loss  margin=-1.000  steps=100 max_ms=256.3  (eta 859s)
  [162/240] native_st8    seed=5026 seat=0  loss  margin=-1.000  steps=94 max_ms=293.3  (eta 843s)
  [163/240] base          seed=5027 seat=1  loss  margin=-1.000  steps=149 max_ms=62.6  (eta 829s)
  [164/240] native        seed=5027 seat=1  WIN   margin=+1.000  steps=163 max_ms=296.7  (eta 830s)
  [165/240] native_t6     seed=5027 seat=1  loss  margin=-1.000  steps=135 max_ms=278.4  (eta 814s)
  [166/240] native_t24    seed=5027 seat=1  loss  margin=-1.000  steps=140 max_ms=287.8  (eta 801s)
  [167/240] base          seed=5028 seat=0  loss  margin=-1.000  steps=142 max_ms=52.3  (eta 790s)
  [168/240] native_st8    seed=5027 seat=1  loss  margin=-1.000  steps=172 max_ms=319.9  (eta 777s)
  [169/240] native        seed=5028 seat=0  loss  margin=-1.000  steps=140 max_ms=565.2  (eta 774s)
  [170/240] native_t6     seed=5028 seat=0  WIN   margin=+1.000  steps=128 max_ms=288.0  (eta 760s)
  [171/240] native_st3    seed=5027 seat=1  loss  margin=-1.000  steps=178 max_ms=304.2  (eta 746s)
  [172/240] native_t24    seed=5028 seat=0  loss  margin=-1.000  steps=144 max_ms=568.8  (eta 736s)
  [173/240] base          seed=5029 seat=1  loss  margin=-1.000  steps=195 max_ms=329.2  (eta 724s)
  [174/240] native_st8    seed=5028 seat=0  loss  margin=-1.000  steps=143 max_ms=474.3  (eta 715s)
  [175/240] native_st3    seed=5028 seat=0  loss  margin=-1.000  steps=136 max_ms=476.3  (eta 701s)
  [176/240] native        seed=5029 seat=1  WIN   margin=+1.000  steps=221 max_ms=311.2  (eta 703s)
  [177/240] native_st8    seed=5029 seat=1  WIN   margin=+1.000  steps=181 max_ms=259.1  (eta 690s)
  [178/240] native_t6     seed=5029 seat=1  WIN   margin=+1.000  steps=231 max_ms=329.1  (eta 678s)
  [179/240] native_t24    seed=5029 seat=1  loss  margin=-1.000  steps=216 max_ms=352.3  (eta 664s)
  [180/240] base          seed=5030 seat=0  WIN   margin=+1.000  steps=113 max_ms=64.4  (eta 652s)
  [181/240] native_st3    seed=5029 seat=1  WIN   margin=+1.000  steps=172 max_ms=251.2  (eta 647s)
  [182/240] native        seed=5030 seat=0  WIN   margin=+1.000  steps=131 max_ms=534.2  (eta 635s)
  [183/240] native_t6     seed=5030 seat=0  loss  margin=-1.000  steps=135 max_ms=287.7  (eta 621s)
  [184/240] native_t24    seed=5030 seat=0  loss  margin=-1.000  steps=137 max_ms=269.4  (eta 607s)
  [185/240] base          seed=5031 seat=1  WIN   margin=+1.000  steps=139 max_ms=60.1  (eta 597s)
  [186/240] native        seed=5031 seat=1  WIN   margin=+1.000  steps=117 max_ms=279.1  (eta 590s)
  [187/240] native_st8    seed=5030 seat=0  loss  margin=-1.000  steps=150 max_ms=285.3  (eta 576s)
  [188/240] native_t6     seed=5031 seat=1  WIN   margin=+1.000  steps=125 max_ms=250.1  (eta 566s)
  [189/240] native_st3    seed=5030 seat=0  WIN   margin=+1.000  steps=159 max_ms=297.7  (eta 552s)
  [190/240] base          seed=5032 seat=0  WIN   margin=+1.000  steps=146 max_ms=72.1  (eta 543s)
  [191/240] native_st8    seed=5031 seat=1  WIN   margin=+1.000  steps=118 max_ms=245.3  (eta 531s)
  [192/240] native_t24    seed=5031 seat=1  WIN   margin=+1.000  steps=140 max_ms=545.8  (eta 520s)
  [193/240] native_st3    seed=5031 seat=1  WIN   margin=+1.000  steps=141 max_ms=281.3  (eta 510s)
  [194/240] native_t6     seed=5032 seat=0  loss  margin=-1.000  steps=123 max_ms=342.8  (eta 500s)
  [195/240] native        seed=5032 seat=0  loss  margin=-1.000  steps=166 max_ms=385.3  (eta 489s)
  [196/240] native_t24    seed=5032 seat=0  WIN   margin=+1.000  steps=195 max_ms=341.3  (eta 480s)
  [197/240] base          seed=5033 seat=1  loss  margin=-1.000  steps=144 max_ms=81.0  (eta 467s)
  [198/240] native_st8    seed=5032 seat=0  loss  margin=-1.000  steps=155 max_ms=332.8  (eta 456s)
  [199/240] native_st3    seed=5032 seat=0  WIN   margin=+1.000  steps=136 max_ms=279.6  (eta 443s)
  [200/240] native        seed=5033 seat=1  loss  margin=-1.000  steps=140 max_ms=254.2  (eta 436s)
  [201/240] native_t6     seed=5033 seat=1  loss  margin=-1.000  steps=140 max_ms=293.0  (eta 424s)
  [202/240] native_t24    seed=5033 seat=1  loss  margin=-1.000  steps=99 max_ms=291.9  (eta 411s)
  [203/240] native_st8    seed=5033 seat=1  loss  margin=-1.000  steps=117 max_ms=259.8  (eta 398s)
  [204/240] base          seed=5034 seat=0  loss  margin=-1.000  steps=139 max_ms=324.0  (eta 388s)
  [205/240] native_st3    seed=5033 seat=1  loss  margin=-1.000  steps=130 max_ms=252.7  (eta 379s)
  [206/240] native        seed=5034 seat=0  loss  margin=-1.000  steps=131 max_ms=518.8  (eta 368s)
  [207/240] native_t6     seed=5034 seat=0  WIN   margin=+1.000  steps=152 max_ms=440.8  (eta 356s)
  [208/240] native_t24    seed=5034 seat=0  loss  margin=-1.000  steps=104 max_ms=299.4  (eta 344s)
  [209/240] base          seed=5035 seat=1  loss  margin=-1.000  steps=148 max_ms=242.4  (eta 333s)
  [210/240] native_st8    seed=5034 seat=0  loss  margin=-1.000  steps=184 max_ms=454.6  (eta 325s)
  [211/240] native_st3    seed=5034 seat=0  loss  margin=-1.000  steps=138 max_ms=535.1  (eta 312s)
  [212/240] native        seed=5035 seat=1  loss  margin=-1.000  steps=147 max_ms=298.7  (eta 301s)
  [213/240] native_t6     seed=5035 seat=1  loss  margin=-1.000  steps=204 max_ms=439.0  (eta 292s)
  [214/240] native_st8    seed=5035 seat=1  loss  margin=-1.000  steps=150 max_ms=252.5  (eta 281s)
  [215/240] base          seed=5036 seat=0  WIN   margin=+1.000  steps=141 max_ms=49.8  (eta 269s)
  [216/240] native_t24    seed=5035 seat=1  loss  margin=-1.000  steps=152 max_ms=317.6  (eta 258s)
  [217/240] native_st3    seed=5035 seat=1  loss  margin=-1.000  steps=118 max_ms=284.9  (eta 246s)
  [218/240] native_t6     seed=5036 seat=0  WIN   margin=+1.000  steps=143 max_ms=255.5  (eta 238s)
  [219/240] native        seed=5036 seat=0  WIN   margin=+1.000  steps=137 max_ms=310.1  (eta 226s)
  [220/240] native_st8    seed=5036 seat=0  WIN   margin=+1.000  steps=136 max_ms=576.2  (eta 215s)
  [221/240] base          seed=5037 seat=1  WIN   margin=+1.000  steps=136 max_ms=51.8  (eta 204s)
  [222/240] native_t24    seed=5036 seat=0  WIN   margin=+1.000  steps=189 max_ms=581.7  (eta 193s)
  [223/240] native_st3    seed=5036 seat=0  WIN   margin=+1.000  steps=140 max_ms=445.0  (eta 183s)
  [224/240] native        seed=5037 seat=1  loss  margin=-1.000  steps=144 max_ms=317.4  (eta 172s)
  [225/240] native_t6     seed=5037 seat=1  loss  margin=-1.000  steps=133 max_ms=307.0  (eta 162s)
  [226/240] native_t24    seed=5037 seat=1  loss  margin=-1.000  steps=122 max_ms=311.4  (eta 150s)
  [227/240] native_st8    seed=5037 seat=1  loss  margin=-1.000  steps=134 max_ms=303.6  (eta 140s)
  [228/240] native_st3    seed=5037 seat=1  WIN   margin=+1.000  steps=165 max_ms=285.0  (eta 130s)
  [229/240] base          seed=5038 seat=0  loss  margin=-0.963  steps=500 max_ms=336.5  (eta 119s)
  [230/240] native        seed=5038 seat=0  loss  margin=-1.000  steps=154 max_ms=300.5  (eta 108s)
  [231/240] native_t24    seed=5038 seat=0  loss  margin=-1.000  steps=113 max_ms=587.8  (eta 98s)
  [232/240] native_t6     seed=5038 seat=0  loss  margin=-1.000  steps=147 max_ms=559.8  (eta 86s)
  [233/240] native_st8    seed=5038 seat=0  loss  margin=-1.000  steps=144 max_ms=269.7  (eta 76s)
  [234/240] base          seed=5039 seat=1  WIN   margin=+1.000  steps=116 max_ms=331.9  (eta 65s)
  [235/240] native_st3    seed=5038 seat=0  loss  margin=-1.000  steps=144 max_ms=288.1  (eta 54s)
  [236/240] native_t6     seed=5039 seat=1  loss  margin=-1.000  steps=108 max_ms=258.2  (eta 43s)
  [237/240] native_t24    seed=5039 seat=1  loss  margin=-1.000  steps=115 max_ms=286.3  (eta 32s)
  [238/240] native_st8    seed=5039 seat=1  loss  margin=-1.000  steps=144 max_ms=347.9  (eta 22s)
  [239/240] native_st3    seed=5039 seat=1  loss  margin=-1.000  steps=123 max_ms=268.0  (eta 11s)
  [240/240] native        seed=5039 seat=1  WIN   margin=+1.000  steps=348 max_ms=543.0  (eta 0s)
# run done in 2609s -> audit/continuous-ab-native-sweep-n40.jsonl
(pairing reference = 'base')

============================================================================================
CONTINUOUS-SCORE A/B  (margin = (focal_ships - rival_ships)/(focal_ships + rival_ships) in [-1,1]; sign = win)
vs Producer V2
============================================================================================
variant            n | wins (Wilson lo-hi) | mean margin [95% CI]   | paired vs base  Δmargin   
--------------------------------------------------------------------------------------------
native_t6         40 |  12/40  (0.18-0.45) | -0.400 [-0.688,-0.112]  | -0.451 [-0.855,-0.003] n=40 up/dn=6/17 p=0.03  *
native_t24        40 |   8/40  (0.10-0.35) | -0.600 [-0.851,-0.349]  | -0.651 [-1.000,-0.301] n=40 up/dn=2/17 p=0.00  *
native            40 |  13/40  (0.20-0.48) | -0.350 [-0.644,-0.056]  | -0.401 [-0.801,-0.001] n=40 up/dn=6/15 p=0.08
base              40 |  21/40  (0.37-0.67) | +0.051 [-0.261,+0.364]  | (reference)
native_st8        40 |   9/40  (0.12-0.38) | -0.550 [-0.812,-0.288]  | -0.601 [-0.952,-0.203] n=40 up/dn=3/17 p=0.00  *
native_st3        40 |  10/40  (0.14-0.40) | -0.500 [-0.772,-0.228]  | -0.551 [-0.853,-0.250] n=40 up/dn=2/14 p=0.00  *

Reading the paired column:
  Δmargin>0 = variant dominates base on the same maps; [lo,hi] is the
  bootstrap 95%% CI on the mean per-map margin shift; up/dn = maps the
  variant beat / lost to base on margin; '*' = CI excludes 0 (real).
  Win-rate Wilson CI is the OLD coarse signal, shown for continuity.
