# continuous-ab  2026-06-19T07:43:04.975932+00:00  | 2P vs slawekbiel_the-producer-v2 | seeds 5000..5039 (n=40) | variants=base,native,native_fc | 120 games to run (0 already done)
  [  1/120] base          seed=5001 seat=1  loss  margin=-1.000  steps=145 max_ms=94.6  (eta 2195s)
  [  2/120] native_fc     seed=5000 seat=0  loss  margin=-1.000  steps=125 max_ms=402.2  (eta 2347s)
  [  3/120] native        seed=5000 seat=0  WIN   margin=+1.000  steps=138 max_ms=365.6  (eta 1707s)
  [  4/120] base          seed=5000 seat=0  WIN   margin=+0.962  steps=500 max_ms=295.6  (eta 1439s)
  [  5/120] base          seed=5002 seat=0  loss  margin=-1.000  steps=140 max_ms=54.1  (eta 1390s)
  [  6/120] native        seed=5001 seat=1  loss  margin=-1.000  steps=132 max_ms=330.7  (eta 1160s)
  [  7/120] base          seed=5003 seat=1  loss  margin=-1.000  steps=153 max_ms=416.7  (eta 1321s)
  [  8/120] native_fc     seed=5001 seat=1  loss  margin=-1.000  steps=126 max_ms=619.1  (eta 1217s)
  [  9/120] native        seed=5002 seat=0  loss  margin=-1.000  steps=110 max_ms=776.8  (eta 1112s)
  [ 10/120] native_fc     seed=5002 seat=0  loss  margin=-1.000  steps=116 max_ms=567.5  (eta 1228s)
  [ 11/120] base          seed=5004 seat=0  WIN   margin=+1.000  steps=222 max_ms=337.8  (eta 1164s)
  [ 12/120] native_fc     seed=5003 seat=1  loss  margin=-1.000  steps=128 max_ms=598.8  (eta 1203s)
  [ 13/120] native        seed=5003 seat=1  WIN   margin=+1.000  steps=187 max_ms=513.2  (eta 1203s)
  [ 14/120] base          seed=5005 seat=1  WIN   margin=+1.000  steps=138 max_ms=51.8  (eta 1136s)
  [ 15/120] native        seed=5004 seat=0  loss  margin=-1.000  steps=130 max_ms=476.3  (eta 1057s)
  [ 16/120] native_fc     seed=5004 seat=0  WIN   margin=+1.000  steps=125 max_ms=376.5  (eta 1052s)
  [ 17/120] base          seed=5006 seat=0  loss  margin=-0.950  steps=500 max_ms=291.7  (eta 1183s)
  [ 18/120] native_fc     seed=5005 seat=1  loss  margin=-1.000  steps=150 max_ms=360.7  (eta 1110s)
  [ 19/120] native        seed=5005 seat=1  WIN   margin=+1.000  steps=187 max_ms=265.9  (eta 1068s)
  [ 20/120] base          seed=5007 seat=1  WIN   margin=+1.000  steps=184 max_ms=55.8  (eta 1085s)
  [ 21/120] native        seed=5006 seat=0  loss  margin=-1.000  steps=185 max_ms=301.0  (eta 1034s)
  [ 22/120] base          seed=5008 seat=0  loss  margin=-1.000  steps=128 max_ms=47.0  (eta 1045s)
  [ 23/120] native_fc     seed=5006 seat=0  loss  margin=-1.000  steps=157 max_ms=531.5  (eta 1029s)
  [ 24/120] native        seed=5007 seat=1  loss  margin=-1.000  steps=179 max_ms=294.1  (eta 1021s)
  [ 25/120] native        seed=5008 seat=0  loss  margin=-1.000  steps=111 max_ms=454.0  (eta 1021s)
  [ 26/120] base          seed=5009 seat=1  loss  margin=-1.000  steps=147 max_ms=57.0  (eta 985s)
  [ 27/120] native_fc     seed=5007 seat=1  loss  margin=-1.000  steps=188 max_ms=348.7  (eta 948s)
  [ 28/120] native_fc     seed=5008 seat=0  loss  margin=-1.000  steps=112 max_ms=338.6  (eta 920s)
  [ 29/120] base          seed=5010 seat=0  WIN   margin=+1.000  steps=150 max_ms=261.1  (eta 916s)
  [ 30/120] native        seed=5009 seat=1  loss  margin=-1.000  steps=113 max_ms=290.7  (eta 913s)
  [ 31/120] native_fc     seed=5009 seat=1  loss  margin=-1.000  steps=121 max_ms=329.4  (eta 892s)
  [ 32/120] native        seed=5010 seat=0  loss  margin=-1.000  steps=109 max_ms=251.0  (eta 861s)
  [ 33/120] base          seed=5011 seat=1  WIN   margin=+1.000  steps=131 max_ms=58.4  (eta 844s)
  [ 34/120] native_fc     seed=5010 seat=0  loss  margin=-1.000  steps=138 max_ms=520.1  (eta 849s)
  [ 35/120] base          seed=5012 seat=0  WIN   margin=+1.000  steps=119 max_ms=256.5  (eta 815s)
  [ 36/120] native        seed=5011 seat=1  loss  margin=-1.000  steps=174 max_ms=307.0  (eta 845s)
  [ 37/120] native_fc     seed=5011 seat=1  loss  margin=-1.000  steps=165 max_ms=342.6  (eta 818s)
  [ 38/120] native        seed=5012 seat=0  loss  margin=-1.000  steps=124 max_ms=263.8  (eta 806s)
  [ 39/120] base          seed=5013 seat=1  WIN   margin=+1.000  steps=141 max_ms=63.2  (eta 788s)
  [ 40/120] native_fc     seed=5012 seat=0  WIN   margin=+1.000  steps=177 max_ms=345.2  (eta 783s)
  [ 41/120] base          seed=5014 seat=0  loss  margin=-1.000  steps=124 max_ms=324.6  (eta 763s)
  [ 42/120] native        seed=5013 seat=1  WIN   margin=+1.000  steps=136 max_ms=278.3  (eta 757s)
  [ 43/120] native_fc     seed=5013 seat=1  loss  margin=-1.000  steps=126 max_ms=367.7  (eta 747s)
  [ 44/120] base          seed=5015 seat=1  WIN   margin=+1.000  steps=127 max_ms=250.4  (eta 729s)
  [ 45/120] native_fc     seed=5014 seat=0  loss  margin=-1.000  steps=126 max_ms=352.9  (eta 730s)
  [ 46/120] native        seed=5014 seat=0  WIN   margin=+1.000  steps=175 max_ms=441.4  (eta 714s)
  [ 47/120] native        seed=5015 seat=1  loss  margin=-1.000  steps=116 max_ms=283.9  (eta 704s)
  [ 48/120] native_fc     seed=5015 seat=1  loss  margin=-1.000  steps=110 max_ms=342.8  (eta 684s)
  [ 49/120] base          seed=5016 seat=0  WIN   margin=+1.000  steps=145 max_ms=67.7  (eta 662s)
  [ 50/120] base          seed=5017 seat=1  loss  margin=-1.000  steps=137 max_ms=49.2  (eta 660s)
  [ 51/120] native        seed=5016 seat=0  WIN   margin=+1.000  steps=136 max_ms=253.6  (eta 657s)
  [ 52/120] native_fc     seed=5016 seat=0  loss  margin=-1.000  steps=118 max_ms=349.2  (eta 644s)
  [ 53/120] native        seed=5017 seat=1  loss  margin=-1.000  steps=120 max_ms=292.2  (eta 627s)
  [ 54/120] base          seed=5018 seat=0  loss  margin=-1.000  steps=136 max_ms=48.0  (eta 613s)
  [ 55/120] native_fc     seed=5017 seat=1  loss  margin=-1.000  steps=144 max_ms=337.8  (eta 611s)
  [ 56/120] base          seed=5019 seat=1  WIN   margin=+1.000  steps=123 max_ms=54.2  (eta 591s)
  [ 57/120] native        seed=5018 seat=0  WIN   margin=+1.000  steps=158 max_ms=276.9  (eta 598s)
  [ 58/120] native_fc     seed=5018 seat=0  WIN   margin=+1.000  steps=146 max_ms=352.1  (eta 582s)
  [ 59/120] native_fc     seed=5019 seat=1  loss  margin=-1.000  steps=103 max_ms=295.8  (eta 569s)
  [ 60/120] native        seed=5019 seat=1  loss  margin=-1.000  steps=147 max_ms=302.2  (eta 563s)
  [ 61/120] base          seed=5020 seat=0  WIN   margin=+1.000  steps=228 max_ms=59.7  (eta 547s)
  [ 62/120] base          seed=5021 seat=1  loss  margin=-1.000  steps=166 max_ms=58.9  (eta 545s)
  [ 63/120] native_fc     seed=5020 seat=0  loss  margin=-1.000  steps=134 max_ms=361.0  (eta 535s)
  [ 64/120] native        seed=5020 seat=0  loss  margin=-1.000  steps=160 max_ms=277.8  (eta 518s)
  [ 65/120] base          seed=5022 seat=0  WIN   margin=+1.000  steps=142 max_ms=49.4  (eta 514s)
  [ 66/120] native        seed=5021 seat=1  loss  margin=-1.000  steps=141 max_ms=281.9  (eta 499s)
  [ 67/120] native_fc     seed=5021 seat=1  loss  margin=-1.000  steps=138 max_ms=329.7  (eta 492s)
  [ 68/120] native        seed=5022 seat=0  loss  margin=-1.000  steps=120 max_ms=453.3  (eta 480s)
  [ 69/120] base          seed=5023 seat=1  loss  margin=-1.000  steps=145 max_ms=61.2  (eta 464s)
  [ 70/120] native_fc     seed=5022 seat=0  loss  margin=-1.000  steps=110 max_ms=450.2  (eta 460s)
  [ 71/120] base          seed=5024 seat=0  WIN   margin=+1.000  steps=166 max_ms=304.6  (eta 447s)
  [ 72/120] native_fc     seed=5023 seat=1  WIN   margin=+1.000  steps=132 max_ms=350.6  (eta 448s)
  [ 73/120] native        seed=5023 seat=1  loss  margin=-1.000  steps=169 max_ms=296.9  (eta 433s)
  [ 74/120] native        seed=5024 seat=0  loss  margin=-1.000  steps=137 max_ms=453.2  (eta 427s)
  [ 75/120] base          seed=5025 seat=1  WIN   margin=+1.000  steps=236 max_ms=270.1  (eta 417s)
  [ 76/120] native_fc     seed=5024 seat=0  WIN   margin=+1.000  steps=135 max_ms=367.5  (eta 403s)
  [ 77/120] native        seed=5025 seat=1  loss  margin=-1.000  steps=144 max_ms=255.9  (eta 399s)
  [ 78/120] base          seed=5026 seat=0  loss  margin=-1.000  steps=174 max_ms=58.8  (eta 385s)
  [ 79/120] native        seed=5026 seat=0  loss  margin=-1.000  steps=94 max_ms=277.5  (eta 377s)
  [ 80/120] base          seed=5027 seat=1  loss  margin=-1.000  steps=149 max_ms=46.1  (eta 366s)
  [ 81/120] native_fc     seed=5025 seat=1  loss  margin=-1.000  steps=156 max_ms=335.2  (eta 354s)
  [ 82/120] native_fc     seed=5026 seat=0  loss  margin=-1.000  steps=101 max_ms=431.6  (eta 346s)
  [ 83/120] base          seed=5028 seat=0  loss  margin=-1.000  steps=142 max_ms=53.9  (eta 335s)
  [ 84/120] native        seed=5027 seat=1  WIN   margin=+1.000  steps=163 max_ms=285.7  (eta 334s)
  [ 85/120] native_fc     seed=5027 seat=1  WIN   margin=+1.000  steps=163 max_ms=357.5  (eta 323s)
  [ 86/120] native        seed=5028 seat=0  loss  margin=-1.000  steps=140 max_ms=472.8  (eta 311s)
  [ 87/120] native_fc     seed=5028 seat=0  loss  margin=-1.000  steps=132 max_ms=361.4  (eta 301s)
  [ 88/120] base          seed=5029 seat=1  loss  margin=-1.000  steps=195 max_ms=264.9  (eta 291s)
  [ 89/120] base          seed=5030 seat=0  WIN   margin=+1.000  steps=113 max_ms=59.5  (eta 282s)
  [ 90/120] native_fc     seed=5029 seat=1  loss  margin=-1.000  steps=160 max_ms=380.3  (eta 280s)
  [ 91/120] native        seed=5030 seat=0  WIN   margin=+1.000  steps=131 max_ms=461.8  (eta 268s)
  [ 92/120] native_fc     seed=5030 seat=0  loss  margin=-1.000  steps=115 max_ms=348.1  (eta 258s)
  [ 93/120] native        seed=5029 seat=1  WIN   margin=+1.000  steps=221 max_ms=266.5  (eta 246s)
  [ 94/120] base          seed=5031 seat=1  WIN   margin=+1.000  steps=139 max_ms=50.5  (eta 237s)
  [ 95/120] base          seed=5032 seat=0  WIN   margin=+1.000  steps=146 max_ms=53.6  (eta 227s)
