# continuous-ab  2026-06-18T20:48:27.279476+00:00  | 2P vs slawekbiel_the-producer-v2 | seeds 5000..5039 (n=40) | variants=base,more_sims4,incentive,winprob_g0.5,winprob_g1.0,deeper_h30 | 240 games to run (0 already done)
  [  1/240] winprob_g0.5  seed=5000 seat=0  WIN   margin=+1.000  steps=200 max_ms=175.1  (eta 4117s)
  [  2/240] incentive     seed=5000 seat=0  WIN   margin=+1.000  steps=251 max_ms=170.3  (eta 2368s)
  [  3/240] winprob_g1.0  seed=5000 seat=0  WIN   margin=+1.000  steps=174 max_ms=47.5  (eta 2512s)
  [  4/240] deeper_h30    seed=5000 seat=0  loss  margin=-1.000  steps=113 max_ms=112.6  (eta 1929s)
  [  5/240] base          seed=5000 seat=0  WIN   margin=+0.962  steps=500 max_ms=215.8  (eta 1762s)
  [  6/240] more_sims4    seed=5000 seat=0  WIN   margin=+0.962  steps=500 max_ms=220.2  (eta 1671s)
  [  7/240] base          seed=5001 seat=1  loss  margin=-1.000  steps=145 max_ms=46.8  (eta 1484s)
  [  8/240] more_sims4    seed=5001 seat=1  loss  margin=-1.000  steps=136 max_ms=61.6  (eta 1358s)
  [  9/240] incentive     seed=5001 seat=1  loss  margin=-1.000  steps=145 max_ms=44.8  (eta 1308s)
  [ 10/240] winprob_g0.5  seed=5001 seat=1  loss  margin=-1.000  steps=140 max_ms=42.4  (eta 1277s)
  [ 11/240] winprob_g1.0  seed=5001 seat=1  loss  margin=-1.000  steps=140 max_ms=47.0  (eta 1193s)
  [ 12/240] deeper_h30    seed=5001 seat=1  loss  margin=-1.000  steps=99 max_ms=112.3  (eta 1155s)
  [ 13/240] base          seed=5002 seat=0  loss  margin=-1.000  steps=140 max_ms=202.0  (eta 1115s)
  [ 14/240] more_sims4    seed=5002 seat=0  loss  margin=-1.000  steps=140 max_ms=203.5  (eta 1122s)
  [ 15/240] incentive     seed=5002 seat=0  loss  margin=-1.000  steps=140 max_ms=196.6  (eta 1051s)
  [ 16/240] winprob_g0.5  seed=5002 seat=0  loss  margin=-1.000  steps=140 max_ms=225.1  (eta 1039s)
  [ 17/240] winprob_g1.0  seed=5002 seat=0  loss  margin=-1.000  steps=140 max_ms=193.2  (eta 998s)
  [ 18/240] base          seed=5003 seat=1  loss  margin=-1.000  steps=153 max_ms=178.1  (eta 1022s)
  [ 19/240] deeper_h30    seed=5002 seat=0  loss  margin=-1.000  steps=169 max_ms=193.7  (eta 1008s)
  [ 20/240] incentive     seed=5003 seat=1  loss  margin=-1.000  steps=153 max_ms=188.4  (eta 986s)
  [ 21/240] more_sims4    seed=5003 seat=1  loss  margin=-1.000  steps=153 max_ms=200.4  (eta 948s)
  [ 22/240] winprob_g0.5  seed=5003 seat=1  loss  margin=-1.000  steps=153 max_ms=175.3  (eta 953s)
  [ 23/240] winprob_g1.0  seed=5003 seat=1  loss  margin=-1.000  steps=153 max_ms=183.2  (eta 939s)
  [ 24/240] base          seed=5004 seat=0  WIN   margin=+1.000  steps=222 max_ms=211.9  (eta 976s)
  [ 25/240] deeper_h30    seed=5003 seat=1  loss  margin=-1.000  steps=201 max_ms=298.0  (eta 955s)
  [ 26/240] more_sims4    seed=5004 seat=0  WIN   margin=+1.000  steps=197 max_ms=218.0  (eta 940s)
  [ 27/240] incentive     seed=5004 seat=0  loss  margin=-1.000  steps=205 max_ms=330.9  (eta 919s)
  [ 28/240] winprob_g0.5  seed=5004 seat=0  WIN   margin=+1.000  steps=222 max_ms=208.7  (eta 950s)
  [ 29/240] winprob_g1.0  seed=5004 seat=0  WIN   margin=+1.000  steps=225 max_ms=180.2  (eta 928s)
  [ 30/240] base          seed=5005 seat=1  WIN   margin=+1.000  steps=138 max_ms=35.6  (eta 900s)
  [ 31/240] deeper_h30    seed=5004 seat=0  loss  margin=-1.000  steps=153 max_ms=66.2  (eta 874s)
  [ 32/240] more_sims4    seed=5005 seat=1  WIN   margin=+1.000  steps=138 max_ms=50.1  (eta 898s)
  [ 33/240] incentive     seed=5005 seat=1  WIN   margin=+1.000  steps=138 max_ms=64.4  (eta 877s)
  [ 34/240] winprob_g0.5  seed=5005 seat=1  WIN   margin=+1.000  steps=138 max_ms=54.9  (eta 852s)
  [ 35/240] winprob_g1.0  seed=5005 seat=1  WIN   margin=+1.000  steps=138 max_ms=33.6  (eta 826s)
  [ 36/240] deeper_h30    seed=5005 seat=1  loss  margin=-1.000  steps=146 max_ms=45.1  (eta 858s)
