# continuous-ab  2026-06-19T04:34:05.529020+00:00  | 2P vs slawekbiel_the-producer-v2 | seeds 5000..5039 (n=40) | variants=base,native,native_s20,native_sc | 160 games to run (0 already done)
  [  1/160] base          seed=5000 seat=0  WIN   margin=+0.962  steps=500 max_ms=379.3  (eta 8482s)
  [  2/160] base          seed=5001 seat=1  loss  margin=-1.000  steps=145 max_ms=63.6  (eta 5688s)
  [  3/160] native        seed=5001 seat=1  loss  margin=-1.000  steps=83 max_ms=297.9  (eta 5289s)
  [  4/160] native_s20    seed=5001 seat=1  loss  margin=-1.000  steps=83 max_ms=241.1  (eta 4973s)
  [  5/160] native        seed=5000 seat=0  loss  margin=-0.896  steps=500 max_ms=303.5  (eta 3996s)
  [  6/160] native_sc     seed=5000 seat=0  loss  margin=-0.896  steps=500 max_ms=413.6  (eta 3537s)
  [  7/160] native_s20    seed=5000 seat=0  loss  margin=-0.896  steps=500 max_ms=350.2  (eta 3048s)
  [  8/160] base          seed=5002 seat=0  loss  margin=-1.000  steps=140 max_ms=88.3  (eta 2806s)
  [  9/160] native_sc     seed=5001 seat=1  loss  margin=-1.000  steps=83 max_ms=344.4  (eta 2601s)
  [ 10/160] native_s20    seed=5002 seat=0  loss  margin=-1.000  steps=83 max_ms=383.8  (eta 2465s)
  [ 11/160] native        seed=5002 seat=0  loss  margin=-1.000  steps=83 max_ms=329.9  (eta 2234s)
  [ 12/160] native_sc     seed=5002 seat=0  loss  margin=-1.000  steps=83 max_ms=272.0  (eta 2118s)
  [ 13/160] base          seed=5003 seat=1  loss  margin=-1.000  steps=153 max_ms=340.2  (eta 1965s)
  [ 14/160] native        seed=5003 seat=1  loss  margin=-1.000  steps=112 max_ms=258.6  (eta 2046s)
  [ 15/160] base          seed=5004 seat=0  WIN   margin=+1.000  steps=222 max_ms=309.0  (eta 1903s)
  [ 16/160] native_s20    seed=5003 seat=1  loss  margin=-1.000  steps=112 max_ms=282.9  (eta 1779s)
  [ 17/160] native_sc     seed=5003 seat=1  loss  margin=-1.000  steps=112 max_ms=209.5  (eta 1695s)
  [ 18/160] base          seed=5005 seat=1  WIN   margin=+1.000  steps=138 max_ms=55.0  (eta 1713s)
  [ 19/160] native        seed=5004 seat=0  loss  margin=-1.000  steps=113 max_ms=205.2  (eta 1681s)
  [ 20/160] native_s20    seed=5004 seat=0  loss  margin=-1.000  steps=113 max_ms=208.3  (eta 1595s)
  [ 21/160] native_sc     seed=5004 seat=0  loss  margin=-1.000  steps=113 max_ms=208.1  (eta 1510s)
  [ 22/160] native        seed=5005 seat=1  loss  margin=-1.000  steps=101 max_ms=254.5  (eta 1538s)
  [ 23/160] native_s20    seed=5005 seat=1  loss  margin=-1.000  steps=101 max_ms=210.3  (eta 1511s)
  [ 24/160] native_sc     seed=5005 seat=1  loss  margin=-1.000  steps=101 max_ms=201.5  (eta 1444s)
  [ 25/160] base          seed=5006 seat=0  loss  margin=-0.950  steps=500 max_ms=339.5  (eta 1465s)
  [ 26/160] native        seed=5006 seat=0  loss  margin=-1.000  steps=113 max_ms=211.1  (eta 1418s)
  [ 27/160] native_s20    seed=5006 seat=0  loss  margin=-1.000  steps=113 max_ms=222.1  (eta 1402s)
  [ 28/160] native_sc     seed=5006 seat=0  loss  margin=-1.000  steps=113 max_ms=208.7  (eta 1346s)
  [ 29/160] base          seed=5007 seat=1  WIN   margin=+1.000  steps=184 max_ms=55.3  (eta 1318s)
  [ 30/160] native        seed=5007 seat=1  loss  margin=-1.000  steps=104 max_ms=248.8  (eta 1320s)
  [ 31/160] base          seed=5008 seat=0  loss  margin=-1.000  steps=128 max_ms=52.0  (eta 1280s)
  [ 32/160] native_s20    seed=5007 seat=1  loss  margin=-1.000  steps=104 max_ms=212.1  (eta 1251s)
  [ 33/160] native_sc     seed=5007 seat=1  loss  margin=-1.000  steps=104 max_ms=203.1  (eta 1209s)
  [ 34/160] base          seed=5009 seat=1  loss  margin=-1.000  steps=147 max_ms=47.6  (eta 1225s)
  [ 35/160] native        seed=5008 seat=0  loss  margin=-1.000  steps=124 max_ms=228.2  (eta 1206s)
  [ 36/160] native_sc     seed=5008 seat=0  loss  margin=-1.000  steps=114 max_ms=400.8  (eta 1181s)
  [ 37/160] native_s20    seed=5008 seat=0  loss  margin=-1.000  steps=127 max_ms=225.7  (eta 1141s)
  [ 38/160] native        seed=5009 seat=1  loss  margin=-1.000  steps=85 max_ms=185.7  (eta 1132s)
  [ 39/160] base          seed=5010 seat=0  WIN   margin=+1.000  steps=150 max_ms=284.6  (eta 1117s)
  [ 40/160] native_s20    seed=5009 seat=1  loss  margin=-1.000  steps=85 max_ms=206.4  (eta 1083s)
  [ 41/160] native_sc     seed=5009 seat=1  loss  margin=-1.000  steps=85 max_ms=196.3  (eta 1061s)
  [ 42/160] base          seed=5011 seat=1  WIN   margin=+1.000  steps=131 max_ms=48.1  (eta 1070s)
  [ 43/160] native        seed=5010 seat=0  loss  margin=-1.000  steps=107 max_ms=435.3  (eta 1037s)
  [ 44/160] native_s20    seed=5010 seat=0  loss  margin=-1.000  steps=109 max_ms=411.8  (eta 1026s)
  [ 45/160] native_sc     seed=5010 seat=0  loss  margin=-1.000  steps=109 max_ms=378.6  (eta 997s)
  [ 46/160] base          seed=5012 seat=0  WIN   margin=+1.000  steps=119 max_ms=256.1  (eta 1002s)
  [ 47/160] native        seed=5011 seat=1  loss  margin=-1.000  steps=96 max_ms=206.7  (eta 977s)
  [ 48/160] native_s20    seed=5011 seat=1  loss  margin=-1.000  steps=96 max_ms=216.1  (eta 953s)
  [ 49/160] native_sc     seed=5011 seat=1  loss  margin=-1.000  steps=96 max_ms=195.2  (eta 940s)
  [ 50/160] native        seed=5012 seat=0  loss  margin=-1.000  steps=87 max_ms=212.5  (eta 944s)
  [ 51/160] base          seed=5013 seat=1  WIN   margin=+1.000  steps=141 max_ms=51.6  (eta 923s)
  [ 52/160] native_sc     seed=5012 seat=0  loss  margin=-1.000  steps=87 max_ms=198.9  (eta 898s)
  [ 53/160] native_s20    seed=5012 seat=0  loss  margin=-1.000  steps=87 max_ms=219.3  (eta 873s)
  [ 54/160] base          seed=5014 seat=0  loss  margin=-1.000  steps=124 max_ms=313.2  (eta 881s)
  [ 55/160] native        seed=5013 seat=1  loss  margin=-1.000  steps=92 max_ms=230.1  (eta 871s)
  [ 56/160] native_s20    seed=5013 seat=1  loss  margin=-1.000  steps=92 max_ms=254.4  (eta 852s)
  [ 57/160] native_sc     seed=5013 seat=1  loss  margin=-1.000  steps=92 max_ms=216.4  (eta 829s)
  [ 58/160] base          seed=5015 seat=1  WIN   margin=+1.000  steps=127 max_ms=245.0  (eta 833s)
  [ 59/160] native        seed=5014 seat=0  loss  margin=-1.000  steps=88 max_ms=481.1  (eta 815s)
  [ 60/160] native_sc     seed=5014 seat=0  loss  margin=-1.000  steps=103 max_ms=415.8  (eta 811s)
  [ 61/160] native_s20    seed=5014 seat=0  loss  margin=-1.000  steps=112 max_ms=398.2  (eta 791s)
  [ 62/160] native        seed=5015 seat=1  loss  margin=-1.000  steps=83 max_ms=226.2  (eta 784s)
  [ 63/160] native_s20    seed=5015 seat=1  loss  margin=-1.000  steps=83 max_ms=211.4  (eta 769s)
  [ 64/160] base          seed=5016 seat=0  WIN   margin=+1.000  steps=145 max_ms=61.5  (eta 758s)
  [ 65/160] native_sc     seed=5015 seat=1  loss  margin=-1.000  steps=83 max_ms=188.6  (eta 744s)
  [ 66/160] base          seed=5017 seat=1  loss  margin=-1.000  steps=137 max_ms=57.4  (eta 748s)
  [ 67/160] native        seed=5016 seat=0  loss  margin=-1.000  steps=111 max_ms=392.9  (eta 731s)
  [ 68/160] native_s20    seed=5016 seat=0  loss  margin=-1.000  steps=108 max_ms=208.2  (eta 716s)
  [ 69/160] native_sc     seed=5016 seat=0  loss  margin=-1.000  steps=130 max_ms=486.3  (eta 716s)
  [ 70/160] native        seed=5017 seat=1  loss  margin=-1.000  steps=92 max_ms=213.7  (eta 709s)
  [ 71/160] native_s20    seed=5017 seat=1  loss  margin=-1.000  steps=92 max_ms=200.1  (eta 693s)
  [ 72/160] native_sc     seed=5017 seat=1  loss  margin=-1.000  steps=92 max_ms=206.9  (eta 678s)
  [ 73/160] base          seed=5018 seat=0  loss  margin=-1.000  steps=136 max_ms=53.2  (eta 666s)
  [ 74/160] base          seed=5019 seat=1  WIN   margin=+1.000  steps=123 max_ms=57.8  (eta 667s)
  [ 75/160] native        seed=5018 seat=0  loss  margin=-1.000  steps=111 max_ms=220.0  (eta 660s)
  [ 76/160] native_s20    seed=5018 seat=0  loss  margin=-1.000  steps=111 max_ms=209.6  (eta 644s)
  [ 77/160] native_sc     seed=5018 seat=0  loss  margin=-1.000  steps=111 max_ms=225.0  (eta 631s)
  [ 78/160] native        seed=5019 seat=1  loss  margin=-1.000  steps=81 max_ms=220.1  (eta 630s)
  [ 79/160] native_sc     seed=5019 seat=1  loss  margin=-1.000  steps=81 max_ms=197.0  (eta 621s)
  [ 80/160] native_s20    seed=5019 seat=1  loss  margin=-1.000  steps=81 max_ms=274.9  (eta 606s)
  [ 81/160] base          seed=5020 seat=0  WIN   margin=+1.000  steps=228 max_ms=74.6  (eta 594s)
  [ 82/160] base          seed=5021 seat=1  loss  margin=-1.000  steps=166 max_ms=112.2  (eta 607s)
  [ 83/160] native        seed=5020 seat=0  loss  margin=-1.000  steps=122 max_ms=762.7  (eta 599s)
  [ 84/160] native_s20    seed=5020 seat=0  loss  margin=-1.000  steps=124 max_ms=1048.7  (eta 601s)
  [ 85/160] native_sc     seed=5020 seat=0  loss  margin=-1.000  steps=135 max_ms=555.2  (eta 589s)
  [ 86/160] native        seed=5021 seat=1  loss  margin=-1.000  steps=108 max_ms=546.5  (eta 600s)
  [ 87/160] base          seed=5022 seat=0  WIN   margin=+1.000  steps=142 max_ms=147.1  (eta 588s)
  [ 88/160] native_s20    seed=5021 seat=1  loss  margin=-1.000  steps=130 max_ms=498.7  (eta 586s)
  [ 89/160] native_sc     seed=5021 seat=1  loss  margin=-1.000  steps=128 max_ms=475.8  (eta 586s)
  [ 90/160] native        seed=5022 seat=0  loss  margin=-1.000  steps=85 max_ms=479.7  (eta 576s)
  [ 91/160] native_s20    seed=5022 seat=0  loss  margin=-1.000  steps=107 max_ms=462.1  (eta 566s)
  [ 92/160] base          seed=5023 seat=1  loss  margin=-1.000  steps=145 max_ms=69.3  (eta 556s)
  [ 93/160] native_sc     seed=5022 seat=0  loss  margin=-1.000  steps=100 max_ms=431.7  (eta 543s)
  [ 94/160] base          seed=5024 seat=0  WIN   margin=+1.000  steps=166 max_ms=261.7  (eta 543s)
  [ 95/160] native        seed=5023 seat=1  loss  margin=-1.000  steps=177 max_ms=321.5  (eta 540s)
  [ 96/160] native_s20    seed=5023 seat=1  loss  margin=-1.000  steps=172 max_ms=274.2  (eta 528s)
  [ 97/160] native        seed=5024 seat=0  loss  margin=-1.000  steps=96 max_ms=258.5  (eta 520s)
  [ 98/160] native_sc     seed=5023 seat=1  loss  margin=-1.000  steps=190 max_ms=324.0  (eta 509s)
  [ 99/160] native_s20    seed=5024 seat=0  loss  margin=-1.000  steps=96 max_ms=279.3  (eta 504s)
  [100/160] native_sc     seed=5024 seat=0  loss  margin=-1.000  steps=96 max_ms=210.4  (eta 492s)
  [101/160] base          seed=5025 seat=1  WIN   margin=+1.000  steps=236 max_ms=269.9  (eta 482s)
  [102/160] native        seed=5025 seat=1  loss  margin=-1.000  steps=102 max_ms=209.5  (eta 473s)
  [103/160] base          seed=5026 seat=0  loss  margin=-1.000  steps=174 max_ms=56.9  (eta 467s)
  [104/160] native_sc     seed=5025 seat=1  loss  margin=-1.000  steps=102 max_ms=198.2  (eta 456s)
  [105/160] native_s20    seed=5025 seat=1  loss  margin=-1.000  steps=102 max_ms=228.4  (eta 444s)
  [106/160] native        seed=5026 seat=0  loss  margin=-1.000  steps=83 max_ms=206.9  (eta 436s)
  [107/160] base          seed=5027 seat=1  loss  margin=-1.000  steps=149 max_ms=55.2  (eta 429s)
  [108/160] native_s20    seed=5026 seat=0  loss  margin=-1.000  steps=83 max_ms=219.4  (eta 418s)
  [109/160] native_sc     seed=5026 seat=0  loss  margin=-1.000  steps=83 max_ms=219.3  (eta 407s)
  [110/160] native        seed=5027 seat=1  loss  margin=-1.000  steps=112 max_ms=196.8  (eta 402s)
  [111/160] base          seed=5028 seat=0  loss  margin=-1.000  steps=142 max_ms=63.7  (eta 392s)
  [112/160] native_s20    seed=5027 seat=1  loss  margin=-1.000  steps=112 max_ms=210.5  (eta 384s)
  [113/160] native_sc     seed=5027 seat=1  loss  margin=-1.000  steps=112 max_ms=204.5  (eta 373s)
  [114/160] native        seed=5028 seat=0  loss  margin=-1.000  steps=100 max_ms=210.8  (eta 368s)
  [115/160] native_s20    seed=5028 seat=0  loss  margin=-1.000  steps=100 max_ms=213.0  (eta 358s)
  [116/160] base          seed=5029 seat=1  loss  margin=-1.000  steps=195 max_ms=317.0  (eta 348s)
  [117/160] native_sc     seed=5028 seat=0  loss  margin=-1.000  steps=100 max_ms=197.9  (eta 339s)
  [118/160] base          seed=5030 seat=0  WIN   margin=+1.000  steps=113 max_ms=61.3  (eta 333s)
  [119/160] native        seed=5029 seat=1  loss  margin=-1.000  steps=117 max_ms=191.1  (eta 325s)
  [120/160] native_s20    seed=5029 seat=1  loss  margin=-1.000  steps=117 max_ms=198.1  (eta 315s)
  [121/160] native_sc     seed=5029 seat=1  loss  margin=-1.000  steps=117 max_ms=248.1  (eta 306s)
  [122/160] base          seed=5031 seat=1  WIN   margin=+1.000  steps=139 max_ms=51.7  (eta 301s)
  [123/160] native        seed=5030 seat=0  loss  margin=-1.000  steps=115 max_ms=467.9  (eta 292s)
  [124/160] native_s20    seed=5030 seat=0  loss  margin=-1.000  steps=104 max_ms=394.3  (eta 282s)
  [125/160] native_sc     seed=5030 seat=0  loss  margin=-1.000  steps=106 max_ms=408.3  (eta 273s)
  [126/160] base          seed=5032 seat=0  WIN   margin=+1.000  steps=146 max_ms=73.7  (eta 268s)
  [127/160] native_sc     seed=5031 seat=1  loss  margin=-1.000  steps=109 max_ms=403.4  (eta 260s)
  [128/160] native        seed=5031 seat=1  loss  margin=-1.000  steps=110 max_ms=257.4  (eta 250s)
  [129/160] native_s20    seed=5031 seat=1  loss  margin=-1.000  steps=119 max_ms=466.7  (eta 242s)
  [130/160] base          seed=5033 seat=1  loss  margin=-1.000  steps=144 max_ms=56.9  (eta 236s)
  [131/160] native        seed=5032 seat=0  loss  margin=-1.000  steps=111 max_ms=207.5  (eta 227s)
  [132/160] native_s20    seed=5032 seat=0  loss  margin=-1.000  steps=111 max_ms=212.8  (eta 219s)
  [133/160] native_sc     seed=5032 seat=0  loss  margin=-1.000  steps=111 max_ms=226.0  (eta 210s)
  [134/160] native_s20    seed=5033 seat=1  loss  margin=-1.000  steps=78 max_ms=235.7  (eta 203s)
  [135/160] native        seed=5033 seat=1  loss  margin=-1.000  steps=78 max_ms=215.1  (eta 194s)
  [136/160] base          seed=5034 seat=0  loss  margin=-1.000  steps=139 max_ms=244.4  (eta 185s)
  [137/160] native_sc     seed=5033 seat=1  loss  margin=-1.000  steps=78 max_ms=178.0  (eta 177s)
  [138/160] base          seed=5035 seat=1  loss  margin=-1.000  steps=148 max_ms=249.3  (eta 170s)
  [139/160] native        seed=5034 seat=0  loss  margin=-1.000  steps=104 max_ms=209.7  (eta 162s)
  [140/160] native_sc     seed=5034 seat=0  loss  margin=-1.000  steps=104 max_ms=207.1  (eta 154s)
  [141/160] native_s20    seed=5034 seat=0  loss  margin=-1.000  steps=104 max_ms=246.8  (eta 145s)
  [142/160] base          seed=5036 seat=0  WIN   margin=+1.000  steps=141 max_ms=51.8  (eta 139s)
  [143/160] native        seed=5035 seat=1  loss  margin=-1.000  steps=112 max_ms=218.8  (eta 131s)
  [144/160] native_s20    seed=5035 seat=1  loss  margin=-1.000  steps=112 max_ms=231.5  (eta 123s)
  [145/160] native_sc     seed=5035 seat=1  loss  margin=-1.000  steps=112 max_ms=204.9  (eta 114s)
  [146/160] base          seed=5037 seat=1  WIN   margin=+1.000  steps=136 max_ms=62.7  (eta 108s)
  [147/160] native        seed=5036 seat=0  loss  margin=-1.000  steps=124 max_ms=448.7  (eta 100s)
  [148/160] native_s20    seed=5036 seat=0  loss  margin=-1.000  steps=124 max_ms=412.6  (eta 92s)
  [149/160] native_sc     seed=5036 seat=0  loss  margin=-1.000  steps=124 max_ms=414.3  (eta 84s)
  [150/160] native        seed=5037 seat=1  loss  margin=-1.000  steps=115 max_ms=227.5  (eta 77s)
  [151/160] native_s20    seed=5037 seat=1  loss  margin=-1.000  steps=115 max_ms=215.9  (eta 69s)
  [152/160] native_sc     seed=5037 seat=1  loss  margin=-1.000  steps=115 max_ms=204.1  (eta 61s)
  [153/160] base          seed=5038 seat=0  loss  margin=-0.963  steps=500 max_ms=294.2  (eta 54s)
  [154/160] base          seed=5039 seat=1  WIN   margin=+1.000  steps=116 max_ms=248.5  (eta 47s)
  [155/160] native        seed=5039 seat=1  loss  margin=-1.000  steps=108 max_ms=241.5  (eta 40s)
  [156/160] native_s20    seed=5039 seat=1  loss  margin=-1.000  steps=142 max_ms=222.3  (eta 32s)
  [157/160] native_s20    seed=5038 seat=0  loss  margin=-0.956  steps=500 max_ms=264.1  (eta 24s)
  [158/160] native        seed=5038 seat=0  loss  margin=-0.956  steps=500 max_ms=238.2  (eta 16s)
  [159/160] native_sc     seed=5038 seat=0  loss  margin=-0.956  steps=500 max_ms=234.4  (eta 8s)
  [160/160] native_sc     seed=5039 seat=1  loss  margin=-1.000  steps=99 max_ms=200.6  (eta 0s)
# run done in 1292s -> audit/continuous-ab-native-REAL-n40.jsonl
(pairing reference = 'base')

============================================================================================
CONTINUOUS-SCORE A/B  (margin = (focal_ships - rival_ships)/(focal_ships + rival_ships) in [-1,1]; sign = win)
vs Producer V2
============================================================================================
variant            n | wins (Wilson lo-hi) | mean margin [95% CI]   | paired vs base  Δmargin   
--------------------------------------------------------------------------------------------
base              40 |  21/40  (0.37-0.67) | +0.051 [-0.261,+0.364]  | (reference)
native            40 |   0/40  (0.00-0.09) | -0.996 [-1.002,-0.991]  | -1.048 [-1.350,-0.746] up/dn=1/22 p=0.00  *
native_s20        40 |   0/40  (0.00-0.09) | -0.996 [-1.002,-0.991]  | -1.048 [-1.350,-0.746] up/dn=1/22 p=0.00  *
native_sc         40 |   0/40  (0.00-0.09) | -0.996 [-1.002,-0.991]  | -1.048 [-1.350,-0.746] up/dn=1/22 p=0.00  *

Reading the paired column:
  Δmargin>0 = variant dominates base on the same maps; [lo,hi] is the
  bootstrap 95%% CI on the mean per-map margin shift; up/dn = maps the
  variant beat / lost to base on margin; '*' = CI excludes 0 (real).
  Win-rate Wilson CI is the OLD coarse signal, shown for continuity.
