# continuous-ab  2026-06-19T08:27:12.012376+00:00  | 2P vs slawekbiel_the-producer-v2 | seeds 5000..5039 (n=40) | variants=base,native,native_grow,native_grow25,native_grow10 | 200 games to run (0 already done)
  [  1/200] native_grow25 seed=5000 seat=0  loss  margin=-1.000  steps=131 max_ms=898.4  (eta 8856s)
  [  2/200] native        seed=5000 seat=0  WIN   margin=+1.000  steps=138 max_ms=936.7  (eta 4505s)
  [  3/200] native_grow   seed=5000 seat=0  WIN   margin=+1.000  steps=149 max_ms=904.0  (eta 3033s)
  [  4/200] base          seed=5000 seat=0  WIN   margin=+0.962  steps=500 max_ms=274.0  (eta 2542s)
  [  5/200] base          seed=5001 seat=1  loss  margin=-1.000  steps=145 max_ms=92.5  (eta 2480s)
  [  6/200] native        seed=5001 seat=1  loss  margin=-1.000  steps=132 max_ms=435.3  (eta 2759s)
  [  7/200] native_grow   seed=5001 seat=1  loss  margin=-1.000  steps=110 max_ms=360.8  (eta 2387s)
  [  8/200] native_grow10 seed=5000 seat=0  loss  margin=-1.000  steps=143 max_ms=304.1  (eta 2225s)
  [  9/200] native_grow25 seed=5001 seat=1  loss  margin=-1.000  steps=118 max_ms=293.3  (eta 2116s)
  [ 10/200] base          seed=5002 seat=0  loss  margin=-1.000  steps=140 max_ms=53.2  (eta 1960s)
  [ 11/200] native_grow10 seed=5001 seat=1  loss  margin=-1.000  steps=103 max_ms=253.4  (eta 2022s)
  [ 12/200] native        seed=5002 seat=0  loss  margin=-1.000  steps=110 max_ms=549.8  (eta 2047s)
  [ 13/200] native_grow25 seed=5002 seat=0  loss  margin=-1.000  steps=96 max_ms=268.1  (eta 1920s)
  [ 14/200] native_grow   seed=5002 seat=0  loss  margin=-1.000  steps=111 max_ms=273.6  (eta 1805s)
  [ 15/200] base          seed=5003 seat=1  loss  margin=-1.000  steps=153 max_ms=340.9  (eta 1840s)
  [ 16/200] native_grow10 seed=5002 seat=0  loss  margin=-1.000  steps=122 max_ms=310.9  (eta 1809s)
  [ 17/200] native        seed=5003 seat=1  WIN   margin=+1.000  steps=187 max_ms=289.6  (eta 2052s)
  [ 18/200] native_grow   seed=5003 seat=1  WIN   margin=+1.000  steps=208 max_ms=294.0  (eta 2008s)
  [ 19/200] native_grow10 seed=5003 seat=1  loss  margin=-1.000  steps=143 max_ms=272.6  (eta 1901s)
  [ 20/200] base          seed=5004 seat=0  WIN   margin=+1.000  steps=222 max_ms=251.7  (eta 1922s)
  [ 21/200] native_grow25 seed=5003 seat=1  WIN   margin=+1.000  steps=227 max_ms=347.9  (eta 1889s)
  [ 22/200] native        seed=5004 seat=0  loss  margin=-1.000  steps=130 max_ms=452.0  (eta 1914s)
  [ 23/200] native_grow   seed=5004 seat=0  loss  margin=-1.000  steps=139 max_ms=560.2  (eta 1879s)
  [ 24/200] base          seed=5005 seat=1  WIN   margin=+1.000  steps=138 max_ms=52.5  (eta 1853s)
  [ 25/200] native_grow10 seed=5004 seat=0  loss  margin=-1.000  steps=141 max_ms=274.0  (eta 1833s)
  [ 26/200] native_grow25 seed=5004 seat=0  loss  margin=-1.000  steps=172 max_ms=463.3  (eta 1770s)
  [ 27/200] native_grow   seed=5005 seat=1  loss  margin=-1.000  steps=103 max_ms=267.7  (eta 1833s)
  [ 28/200] native_grow25 seed=5005 seat=1  loss  margin=-1.000  steps=133 max_ms=262.1  (eta 1847s)
  [ 29/200] native        seed=5005 seat=1  WIN   margin=+1.000  steps=187 max_ms=292.3  (eta 1795s)
  [ 30/200] native_grow10 seed=5005 seat=1  loss  margin=-1.000  steps=156 max_ms=244.2  (eta 1746s)
  [ 31/200] base          seed=5006 seat=0  loss  margin=-0.950  steps=500 max_ms=294.7  (eta 1798s)
  [ 32/200] native        seed=5006 seat=0  loss  margin=-1.000  steps=185 max_ms=269.6  (eta 1861s)
  [ 33/200] native_grow   seed=5006 seat=0  loss  margin=-1.000  steps=166 max_ms=586.2  (eta 1818s)
  [ 34/200] native_grow25 seed=5006 seat=0  loss  margin=-1.000  steps=181 max_ms=455.1  (eta 1755s)
  [ 35/200] base          seed=5007 seat=1  WIN   margin=+1.000  steps=184 max_ms=56.5  (eta 1766s)
  [ 36/200] native_grow10 seed=5006 seat=0  loss  margin=-1.000  steps=155 max_ms=270.5  (eta 1713s)
  [ 37/200] native_grow   seed=5007 seat=1  loss  margin=-1.000  steps=122 max_ms=258.4  (eta 1747s)
  [ 38/200] base          seed=5008 seat=0  loss  margin=-1.000  steps=128 max_ms=48.8  (eta 1756s)
  [ 39/200] native        seed=5007 seat=1  loss  margin=-1.000  steps=179 max_ms=284.0  (eta 1704s)
  [ 40/200] native_grow10 seed=5007 seat=1  loss  margin=-1.000  steps=136 max_ms=252.9  (eta 1668s)
  [ 41/200] native_grow25 seed=5007 seat=1  loss  margin=-1.000  steps=149 max_ms=295.2  (eta 1618s)
  [ 42/200] native        seed=5008 seat=0  loss  margin=-1.000  steps=111 max_ms=457.2  (eta 1679s)
  [ 43/200] native_grow   seed=5008 seat=0  loss  margin=-1.000  steps=106 max_ms=492.8  (eta 1633s)
  [ 44/200] native_grow25 seed=5008 seat=0  loss  margin=-1.000  steps=103 max_ms=538.6  (eta 1606s)
  [ 45/200] native_grow10 seed=5008 seat=0  loss  margin=-1.000  steps=127 max_ms=442.1  (eta 1565s)
  [ 46/200] base          seed=5009 seat=1  loss  margin=-1.000  steps=147 max_ms=51.7  (eta 1549s)
  [ 47/200] native        seed=5009 seat=1  loss  margin=-1.000  steps=113 max_ms=239.3  (eta 1565s)
  [ 48/200] native_grow   seed=5009 seat=1  loss  margin=-1.000  steps=134 max_ms=311.5  (eta 1571s)
  [ 49/200] native_grow10 seed=5009 seat=1  loss  margin=-1.000  steps=115 max_ms=250.0  (eta 1534s)
  [ 50/200] base          seed=5010 seat=0  WIN   margin=+1.000  steps=150 max_ms=328.6  (eta 1496s)
  [ 51/200] native_grow25 seed=5009 seat=1  loss  margin=-1.000  steps=137 max_ms=307.4  (eta 1462s)
  [ 52/200] native        seed=5010 seat=0  loss  margin=-1.000  steps=109 max_ms=248.9  (eta 1508s)
  [ 53/200] native_grow   seed=5010 seat=0  loss  margin=-1.000  steps=124 max_ms=430.9  (eta 1482s)
  [ 54/200] native_grow25 seed=5010 seat=0  loss  margin=-1.000  steps=115 max_ms=560.7  (eta 1456s)
  [ 55/200] native_grow10 seed=5010 seat=0  loss  margin=-1.000  steps=112 max_ms=541.8  (eta 1420s)
  [ 56/200] base          seed=5011 seat=1  WIN   margin=+1.000  steps=131 max_ms=64.7  (eta 1401s)
  [ 57/200] native_grow10 seed=5011 seat=1  loss  margin=-1.000  steps=114 max_ms=275.8  (eta 1458s)
  [ 58/200] native        seed=5011 seat=1  loss  margin=-1.000  steps=174 max_ms=279.5  (eta 1431s)
  [ 59/200] native_grow25 seed=5011 seat=1  WIN   margin=+1.000  steps=184 max_ms=274.0  (eta 1418s)
  [ 60/200] base          seed=5012 seat=0  WIN   margin=+1.000  steps=119 max_ms=248.5  (eta 1390s)
  [ 61/200] native_grow   seed=5011 seat=1  WIN   margin=+1.000  steps=233 max_ms=321.8  (eta 1400s)
  [ 62/200] native        seed=5012 seat=0  loss  margin=-1.000  steps=124 max_ms=287.6  (eta 1385s)
  [ 63/200] native_grow   seed=5012 seat=0  loss  margin=-1.000  steps=113 max_ms=297.8  (eta 1369s)
  [ 64/200] base          seed=5013 seat=1  WIN   margin=+1.000  steps=141 max_ms=65.0  (eta 1359s)
  [ 65/200] native_grow25 seed=5012 seat=0  loss  margin=-1.000  steps=163 max_ms=288.4  (eta 1333s)
  [ 66/200] native_grow10 seed=5012 seat=0  loss  margin=-1.000  steps=116 max_ms=294.6  (eta 1326s)
  [ 67/200] native        seed=5013 seat=1  WIN   margin=+1.000  steps=136 max_ms=369.1  (eta 1339s)
  [ 68/200] native_grow25 seed=5013 seat=1  WIN   margin=+1.000  steps=145 max_ms=342.9  (eta 1336s)
  [ 69/200] native_grow   seed=5013 seat=1  WIN   margin=+1.000  steps=151 max_ms=298.1  (eta 1308s)
  [ 70/200] base          seed=5014 seat=0  loss  margin=-1.000  steps=124 max_ms=257.4  (eta 1282s)
  [ 71/200] native_grow10 seed=5013 seat=1  WIN   margin=+1.000  steps=151 max_ms=276.8  (eta 1271s)
  [ 72/200] native_grow25 seed=5014 seat=0  WIN   margin=+1.000  steps=137 max_ms=309.8  (eta 1303s)
  [ 73/200] native_grow   seed=5014 seat=0  WIN   margin=+1.000  steps=141 max_ms=397.2  (eta 1275s)
  [ 74/200] native        seed=5014 seat=0  WIN   margin=+1.000  steps=175 max_ms=481.3  (eta 1269s)
  [ 75/200] base          seed=5015 seat=1  WIN   margin=+1.000  steps=127 max_ms=265.7  (eta 1247s)
  [ 76/200] native_grow10 seed=5014 seat=0  WIN   margin=+1.000  steps=156 max_ms=556.6  (eta 1223s)
  [ 77/200] native        seed=5015 seat=1  loss  margin=-1.000  steps=116 max_ms=304.8  (eta 1236s)
  [ 78/200] native_grow10 seed=5015 seat=1  WIN   margin=+1.000  steps=141 max_ms=426.6  (eta 1234s)
  [ 79/200] native_grow25 seed=5015 seat=1  WIN   margin=+1.000  steps=145 max_ms=432.5  (eta 1209s)
  [ 80/200] base          seed=5016 seat=0  WIN   margin=+1.000  steps=145 max_ms=63.8  (eta 1187s)
  [ 81/200] native_grow   seed=5015 seat=1  WIN   margin=+1.000  steps=202 max_ms=529.9  (eta 1190s)
  [ 82/200] native        seed=5016 seat=0  WIN   margin=+1.000  steps=136 max_ms=246.1  (eta 1195s)
  [ 83/200] native_grow   seed=5016 seat=0  WIN   margin=+1.000  steps=162 max_ms=249.5  (eta 1182s)
  [ 84/200] native_grow25 seed=5016 seat=0  loss  margin=-1.000  steps=163 max_ms=254.8  (eta 1160s)
  [ 85/200] base          seed=5017 seat=1  loss  margin=-1.000  steps=137 max_ms=45.0  (eta 1144s)
  [ 86/200] native_grow10 seed=5016 seat=0  loss  margin=-1.000  steps=134 max_ms=316.2  (eta 1131s)
  [ 87/200] native        seed=5017 seat=1  loss  margin=-1.000  steps=120 max_ms=263.8  (eta 1138s)
  [ 88/200] native_grow   seed=5017 seat=1  loss  margin=-1.000  steps=130 max_ms=277.0  (eta 1117s)
  [ 89/200] base          seed=5018 seat=0  loss  margin=-1.000  steps=136 max_ms=51.5  (eta 1112s)
  [ 90/200] native_grow25 seed=5017 seat=1  loss  margin=-1.000  steps=166 max_ms=255.1  (eta 1094s)
  [ 91/200] native_grow10 seed=5017 seat=1  loss  margin=-1.000  steps=135 max_ms=295.3  (eta 1075s)
  [ 92/200] native        seed=5018 seat=0  WIN   margin=+1.000  steps=158 max_ms=305.9  (eta 1090s)
  [ 93/200] native_grow   seed=5018 seat=0  loss  margin=-1.000  steps=159 max_ms=265.0  (eta 1078s)
  [ 94/200] base          seed=5019 seat=1  WIN   margin=+1.000  steps=123 max_ms=59.8  (eta 1065s)
  [ 95/200] native_grow25 seed=5018 seat=0  WIN   margin=+1.000  steps=179 max_ms=289.0  (eta 1048s)
  [ 96/200] native_grow10 seed=5018 seat=0  loss  margin=-1.000  steps=255 max_ms=444.4  (eta 1060s)
  [ 97/200] native        seed=5019 seat=1  loss  margin=-1.000  steps=147 max_ms=358.5  (eta 1043s)
  [ 98/200] native_grow25 seed=5019 seat=1  loss  margin=-1.000  steps=113 max_ms=463.3  (eta 1023s)
  [ 99/200] native_grow   seed=5019 seat=1  loss  margin=-1.000  steps=110 max_ms=389.8  (eta 1004s)
  [100/200] base          seed=5020 seat=0  WIN   margin=+1.000  steps=228 max_ms=72.1  (eta 1007s)
  [101/200] native_grow10 seed=5019 seat=1  loss  margin=-1.000  steps=122 max_ms=496.1  (eta 999s)
  [102/200] native        seed=5020 seat=0  loss  margin=-1.000  steps=160 max_ms=249.8  (eta 988s)
  [103/200] native_grow   seed=5020 seat=0  loss  margin=-1.000  steps=170 max_ms=528.8  (eta 979s)
  [104/200] base          seed=5021 seat=1  loss  margin=-1.000  steps=166 max_ms=52.2  (eta 966s)
  [105/200] native_grow10 seed=5020 seat=0  loss  margin=-1.000  steps=129 max_ms=258.8  (eta 955s)
  [106/200] native_grow25 seed=5020 seat=0  loss  margin=-1.000  steps=173 max_ms=289.6  (eta 945s)
  [107/200] native        seed=5021 seat=1  loss  margin=-1.000  steps=141 max_ms=303.0  (eta 945s)
  [108/200] native_grow   seed=5021 seat=1  loss  margin=-1.000  steps=147 max_ms=253.4  (eta 927s)
  [109/200] base          seed=5022 seat=0  WIN   margin=+1.000  steps=142 max_ms=54.9  (eta 922s)
  [110/200] native_grow10 seed=5021 seat=1  loss  margin=-1.000  steps=130 max_ms=294.1  (eta 906s)
  [111/200] native_grow25 seed=5021 seat=1  WIN   margin=+1.000  steps=194 max_ms=256.4  (eta 892s)
  [112/200] native        seed=5022 seat=0  loss  margin=-1.000  steps=120 max_ms=456.6  (eta 885s)
  [113/200] base          seed=5023 seat=1  loss  margin=-1.000  steps=145 max_ms=72.6  (eta 880s)
  [114/200] native_grow   seed=5022 seat=0  loss  margin=-1.000  steps=122 max_ms=560.2  (eta 866s)
  [115/200] native_grow10 seed=5022 seat=0  loss  margin=-1.000  steps=125 max_ms=376.3  (eta 851s)
