# continuous-ab  2026-06-18T21:38:57.456801+00:00  | 2P vs slawekbiel_the-producer-v2 | seeds 5000..5039 (n=40) | variants=base,native,native_s8 | 120 games to run (0 already done)
  [  1/120] base          seed=5001 seat=1  loss  margin=-1.000  steps=145 max_ms=46.1  (eta 1573s)
  [  2/120] native        seed=5001 seat=1  loss  margin=-1.000  steps=140 max_ms=45.3  (eta 1512s)
  [  3/120] native        seed=5000 seat=0  WIN   margin=+1.000  steps=441 max_ms=43.6  (eta 1096s)
  [  4/120] native_s8     seed=5000 seat=0  WIN   margin=+1.000  steps=441 max_ms=77.5  (eta 902s)
  [  5/120] base          seed=5000 seat=0  WIN   margin=+0.962  steps=500 max_ms=218.5  (eta 813s)
  [  6/120] native_s8     seed=5001 seat=1  loss  margin=-1.000  steps=140 max_ms=51.6  (eta 727s)
  [  7/120] base          seed=5002 seat=0  loss  margin=-1.000  steps=140 max_ms=39.7  (eta 657s)
  [  8/120] native        seed=5002 seat=0  WIN   margin=+1.000  steps=139 max_ms=35.9  (eta 616s)
  [  9/120] native_s8     seed=5002 seat=0  WIN   margin=+1.000  steps=139 max_ms=33.5  (eta 579s)
  [ 10/120] base          seed=5003 seat=1  loss  margin=-1.000  steps=153 max_ms=189.9  (eta 568s)
  [ 11/120] native        seed=5003 seat=1  WIN   margin=+1.000  steps=273 max_ms=53.9  (eta 594s)
  [ 12/120] base          seed=5004 seat=0  WIN   margin=+1.000  steps=222 max_ms=185.7  (eta 575s)
  [ 13/120] native_s8     seed=5003 seat=1  WIN   margin=+1.000  steps=273 max_ms=44.0  (eta 531s)
  [ 14/120] native        seed=5004 seat=0  loss  margin=-1.000  steps=181 max_ms=52.2  (eta 495s)
  [ 15/120] native_s8     seed=5004 seat=0  loss  margin=-1.000  steps=181 max_ms=38.4  (eta 517s)
  [ 16/120] base          seed=5005 seat=1  WIN   margin=+1.000  steps=138 max_ms=41.2  (eta 493s)
  [ 17/120] native        seed=5005 seat=1  WIN   margin=+1.000  steps=136 max_ms=34.8  (eta 460s)
  [ 18/120] native_s8     seed=5005 seat=1  WIN   margin=+1.000  steps=136 max_ms=34.1  (eta 438s)
  [ 19/120] base          seed=5007 seat=1  WIN   margin=+1.000  steps=184 max_ms=39.6  (eta 490s)
  [ 20/120] native        seed=5006 seat=0  loss  margin=-1.000  steps=403 max_ms=33.2  (eta 500s)
  [ 21/120] native_s8     seed=5006 seat=0  loss  margin=-1.000  steps=403 max_ms=33.6  (eta 482s)
  [ 22/120] native        seed=5007 seat=1  loss  margin=-1.000  steps=157 max_ms=30.6  (eta 465s)
  [ 23/120] base          seed=5006 seat=0  loss  margin=-0.950  steps=500 max_ms=251.5  (eta 448s)
  [ 24/120] native_s8     seed=5007 seat=1  loss  margin=-1.000  steps=157 max_ms=38.7  (eta 449s)
  [ 25/120] base          seed=5008 seat=0  loss  margin=-1.000  steps=128 max_ms=35.2  (eta 433s)
  [ 26/120] native        seed=5008 seat=0  loss  margin=-1.000  steps=120 max_ms=183.2  (eta 414s)
  [ 27/120] native_s8     seed=5008 seat=0  loss  margin=-1.000  steps=120 max_ms=216.5  (eta 403s)
  [ 28/120] base          seed=5009 seat=1  loss  margin=-1.000  steps=147 max_ms=33.8  (eta 407s)
  [ 29/120] native        seed=5009 seat=1  loss  margin=-1.000  steps=164 max_ms=31.0  (eta 396s)
  [ 30/120] native_s8     seed=5009 seat=1  loss  margin=-1.000  steps=164 max_ms=29.6  (eta 381s)
  [ 31/120] base          seed=5010 seat=0  WIN   margin=+1.000  steps=150 max_ms=229.9  (eta 372s)
  [ 32/120] native        seed=5010 seat=0  WIN   margin=+1.000  steps=158 max_ms=176.7  (eta 373s)
  [ 33/120] native_s8     seed=5010 seat=0  WIN   margin=+1.000  steps=158 max_ms=169.4  (eta 363s)
  [ 34/120] base          seed=5011 seat=1  WIN   margin=+1.000  steps=131 max_ms=49.0  (eta 351s)
  [ 35/120] native        seed=5011 seat=1  WIN   margin=+1.000  steps=128 max_ms=31.5  (eta 343s)
  [ 36/120] native_s8     seed=5011 seat=1  WIN   margin=+1.000  steps=128 max_ms=32.5  (eta 342s)
  [ 37/120] base          seed=5012 seat=0  WIN   margin=+1.000  steps=119 max_ms=190.1  (eta 333s)
  [ 38/120] native        seed=5012 seat=0  WIN   margin=+1.000  steps=127 max_ms=32.5  (eta 323s)
  [ 39/120] native_s8     seed=5012 seat=0  WIN   margin=+1.000  steps=127 max_ms=31.6  (eta 317s)
  [ 40/120] base          seed=5013 seat=1  WIN   margin=+1.000  steps=141 max_ms=34.9  (eta 318s)
  [ 41/120] native        seed=5013 seat=1  WIN   margin=+1.000  steps=153 max_ms=31.0  (eta 309s)
  [ 42/120] native_s8     seed=5013 seat=1  WIN   margin=+1.000  steps=153 max_ms=30.8  (eta 302s)
  [ 43/120] base          seed=5014 seat=0  loss  margin=-1.000  steps=124 max_ms=217.3  (eta 295s)
  [ 44/120] native        seed=5014 seat=0  loss  margin=-1.000  steps=131 max_ms=34.1  (eta 293s)
  [ 45/120] native_s8     seed=5014 seat=0  loss  margin=-1.000  steps=131 max_ms=29.2  (eta 286s)
  [ 46/120] base          seed=5015 seat=1  WIN   margin=+1.000  steps=127 max_ms=207.6  (eta 279s)
  [ 47/120] native        seed=5015 seat=1  loss  margin=-1.000  steps=123 max_ms=222.7  (eta 273s)
  [ 48/120] native_s8     seed=5015 seat=1  loss  margin=-1.000  steps=123 max_ms=171.0  (eta 270s)
  [ 49/120] base          seed=5016 seat=0  WIN   margin=+1.000  steps=145 max_ms=37.4  (eta 266s)
  [ 50/120] native        seed=5016 seat=0  loss  margin=-1.000  steps=188 max_ms=33.9  (eta 265s)
  [ 51/120] base          seed=5017 seat=1  loss  margin=-1.000  steps=137 max_ms=38.4  (eta 259s)
  [ 52/120] native_s8     seed=5016 seat=0  loss  margin=-1.000  steps=188 max_ms=38.0  (eta 252s)
  [ 53/120] native        seed=5017 seat=1  loss  margin=-1.000  steps=165 max_ms=29.9  (eta 248s)
  [ 54/120] native_s8     seed=5017 seat=1  loss  margin=-1.000  steps=165 max_ms=28.4  (eta 247s)
  [ 55/120] base          seed=5018 seat=0  loss  margin=-1.000  steps=136 max_ms=33.2  (eta 240s)
  [ 56/120] native        seed=5018 seat=0  WIN   margin=+1.000  steps=145 max_ms=39.0  (eta 235s)
  [ 57/120] native_s8     seed=5018 seat=0  WIN   margin=+1.000  steps=145 max_ms=34.1  (eta 230s)
  [ 58/120] native        seed=5019 seat=1  WIN   margin=+1.000  steps=120 max_ms=172.2  (eta 228s)
  [ 59/120] base          seed=5019 seat=1  WIN   margin=+1.000  steps=123 max_ms=37.1  (eta 221s)
  [ 60/120] native_s8     seed=5019 seat=1  WIN   margin=+1.000  steps=120 max_ms=224.5  (eta 217s)
  [ 61/120] base          seed=5020 seat=0  WIN   margin=+1.000  steps=228 max_ms=39.6  (eta 218s)
  [ 62/120] native        seed=5020 seat=0  WIN   margin=+1.000  steps=266 max_ms=177.8  (eta 216s)
  [ 63/120] base          seed=5021 seat=1  loss  margin=-1.000  steps=166 max_ms=40.0  (eta 210s)
  [ 64/120] native_s8     seed=5020 seat=0  WIN   margin=+1.000  steps=266 max_ms=226.4  (eta 203s)
  [ 65/120] native        seed=5021 seat=1  loss  margin=-1.000  steps=201 max_ms=31.0  (eta 202s)
  [ 66/120] native        seed=5022 seat=0  WIN   margin=+1.000  steps=116 max_ms=205.9  (eta 199s)
  [ 67/120] base          seed=5022 seat=0  WIN   margin=+1.000  steps=142 max_ms=39.4  (eta 194s)
  [ 68/120] native_s8     seed=5021 seat=1  loss  margin=-1.000  steps=201 max_ms=36.1  (eta 188s)
  [ 69/120] native_s8     seed=5022 seat=0  WIN   margin=+1.000  steps=116 max_ms=174.7  (eta 185s)
  [ 70/120] base          seed=5023 seat=1  loss  margin=-1.000  steps=145 max_ms=40.3  (eta 183s)
  [ 71/120] native_s8     seed=5023 seat=1  loss  margin=-1.000  steps=159 max_ms=41.7  (eta 178s)
  [ 72/120] native        seed=5023 seat=1  loss  margin=-1.000  steps=159 max_ms=34.4  (eta 173s)
  [ 73/120] base          seed=5024 seat=0  WIN   margin=+1.000  steps=166 max_ms=181.3  (eta 170s)
  [ 74/120] native        seed=5024 seat=0  loss  margin=-1.000  steps=117 max_ms=32.4  (eta 166s)
  [ 75/120] native_s8     seed=5024 seat=0  loss  margin=-1.000  steps=117 max_ms=33.5  (eta 161s)
  [ 76/120] base          seed=5025 seat=1  WIN   margin=+1.000  steps=236 max_ms=173.8  (eta 160s)
  [ 77/120] native        seed=5025 seat=1  loss  margin=-1.000  steps=158 max_ms=33.8  (eta 155s)
  [ 78/120] native_s8     seed=5025 seat=1  loss  margin=-1.000  steps=158 max_ms=31.1  (eta 150s)
  [ 79/120] base          seed=5026 seat=0  loss  margin=-1.000  steps=174 max_ms=37.7  (eta 147s)
  [ 80/120] native        seed=5026 seat=0  WIN   margin=+1.000  steps=186 max_ms=174.5  (eta 145s)
  [ 81/120] base          seed=5027 seat=1  loss  margin=-1.000  steps=149 max_ms=35.2  (eta 140s)
  [ 82/120] native_s8     seed=5026 seat=0  WIN   margin=+1.000  steps=186 max_ms=217.8  (eta 136s)
  [ 83/120] native        seed=5027 seat=1  loss  margin=-1.000  steps=126 max_ms=32.7  (eta 131s)
  [ 84/120] native_s8     seed=5027 seat=1  loss  margin=-1.000  steps=126 max_ms=34.3  (eta 129s)
  [ 85/120] base          seed=5028 seat=0  loss  margin=-1.000  steps=142 max_ms=34.3  (eta 125s)
  [ 86/120] native_s8     seed=5028 seat=0  loss  margin=-1.000  steps=137 max_ms=32.6  (eta 120s)
  [ 87/120] native        seed=5028 seat=0  loss  margin=-1.000  steps=137 max_ms=33.3  (eta 116s)
  [ 88/120] base          seed=5029 seat=1  loss  margin=-1.000  steps=195 max_ms=180.1  (eta 115s)
  [ 89/120] base          seed=5030 seat=0  WIN   margin=+1.000  steps=113 max_ms=38.3  (eta 110s)
  [ 90/120] native_s8     seed=5029 seat=1  WIN   margin=+1.000  steps=184 max_ms=35.7  (eta 106s)
  [ 91/120] native        seed=5029 seat=1  WIN   margin=+1.000  steps=184 max_ms=31.8  (eta 101s)
  [ 92/120] base          seed=5031 seat=1  WIN   margin=+1.000  steps=139 max_ms=37.3  (eta 100s)
  [ 93/120] native        seed=5030 seat=0  WIN   margin=+1.000  steps=167 max_ms=41.9  (eta 96s)
  [ 94/120] native_s8     seed=5030 seat=0  WIN   margin=+1.000  steps=167 max_ms=41.0  (eta 92s)
  [ 95/120] native        seed=5031 seat=1  WIN   margin=+1.000  steps=201 max_ms=35.1  (eta 87s)
  [ 96/120] base          seed=5032 seat=0  WIN   margin=+1.000  steps=146 max_ms=38.4  (eta 86s)
  [ 97/120] native_s8     seed=5031 seat=1  WIN   margin=+1.000  steps=201 max_ms=41.0  (eta 81s)
  [ 98/120] native_s8     seed=5032 seat=0  WIN   margin=+1.000  steps=132 max_ms=31.7  (eta 77s)
  [ 99/120] native        seed=5032 seat=0  WIN   margin=+1.000  steps=132 max_ms=34.5  (eta 73s)
  [100/120] base          seed=5033 seat=1  loss  margin=-1.000  steps=144 max_ms=37.1  (eta 71s)
  [101/120] native        seed=5033 seat=1  loss  margin=-1.000  steps=158 max_ms=183.7  (eta 67s)
  [102/120] base          seed=5034 seat=0  loss  margin=-1.000  steps=139 max_ms=222.0  (eta 63s)
  [103/120] native_s8     seed=5033 seat=1  loss  margin=-1.000  steps=158 max_ms=217.9  (eta 59s)
  [104/120] native        seed=5034 seat=0  loss  margin=-1.000  steps=135 max_ms=187.6  (eta 56s)
  [105/120] native_s8     seed=5034 seat=0  loss  margin=-1.000  steps=135 max_ms=189.6  (eta 52s)
  [106/120] native        seed=5035 seat=1  loss  margin=-1.000  steps=130 max_ms=200.8  (eta 49s)
  [107/120] base          seed=5035 seat=1  loss  margin=-1.000  steps=148 max_ms=217.8  (eta 45s)
  [108/120] native_s8     seed=5035 seat=1  loss  margin=-1.000  steps=130 max_ms=183.1  (eta 42s)
  [109/120] base          seed=5036 seat=0  WIN   margin=+1.000  steps=141 max_ms=34.3  (eta 38s)
  [110/120] native        seed=5036 seat=0  WIN   margin=+1.000  steps=138 max_ms=190.4  (eta 34s)
  [111/120] native_s8     seed=5036 seat=0  WIN   margin=+1.000  steps=138 max_ms=224.2  (eta 31s)
  [112/120] base          seed=5037 seat=1  WIN   margin=+1.000  steps=136 max_ms=34.0  (eta 28s)
  [113/120] native_s8     seed=5037 seat=1  loss  margin=-1.000  steps=169 max_ms=34.0  (eta 24s)
  [114/120] native        seed=5037 seat=1  loss  margin=-1.000  steps=169 max_ms=32.7  (eta 21s)
  [115/120] base          seed=5039 seat=1  WIN   margin=+1.000  steps=116 max_ms=172.9  (eta 17s)
  [116/120] native        seed=5039 seat=1  WIN   margin=+1.000  steps=117 max_ms=177.2  (eta 14s)
  [117/120] base          seed=5038 seat=0  loss  margin=-0.963  steps=500 max_ms=251.6  (eta 11s)
  [118/120] native        seed=5038 seat=0  loss  margin=-0.991  steps=500 max_ms=47.5  (eta 7s)
  [119/120] native_s8     seed=5039 seat=1  WIN   margin=+1.000  steps=117 max_ms=168.0  (eta 4s)
  [120/120] native_s8     seed=5038 seat=0  loss  margin=-0.991  steps=500 max_ms=45.1  (eta 0s)
# run done in 427s -> audit/continuous-ab-native-phaseA-n40.jsonl
(pairing reference = 'base')

============================================================================================
CONTINUOUS-SCORE A/B  (margin = (focal_ships - rival_ships)/(focal_ships + rival_ships) in [-1,1]; sign = win)
vs Producer V2
============================================================================================
variant            n | wins (Wilson lo-hi) | mean margin [95% CI]   | paired vs base  Δmargin   
--------------------------------------------------------------------------------------------
base              40 |  21/40  (0.37-0.67) | +0.051 [-0.261,+0.364]  | (reference)
native            40 |  19/40  (0.33-0.63) | -0.050 [-0.363,+0.264]  | -0.101 [-0.450,+0.249] up/dn=6/9 p=0.61
native_s8         40 |  19/40  (0.33-0.63) | -0.050 [-0.363,+0.264]  | -0.101 [-0.450,+0.249] up/dn=6/9 p=0.61

Reading the paired column:
  Δmargin>0 = variant dominates base on the same maps; [lo,hi] is the
  bootstrap 95%% CI on the mean per-map margin shift; up/dn = maps the
  variant beat / lost to base on margin; '*' = CI excludes 0 (real).
  Win-rate Wilson CI is the OLD coarse signal, shown for continuity.
