# continuous-ab  2026-06-19T04:09:19.680200+00:00  | 2P vs slawekbiel_the-producer-v2 | seeds 5000..5039 (n=40) | variants=base,native,native_sc | 120 games to run (0 already done)
  [  1/120] base          seed=5001 seat=1  loss  margin=-1.000  steps=145 max_ms=92.4  (eta 2286s)
  [  2/120] native        seed=5001 seat=1  loss  margin=-1.000  steps=140 max_ms=125.7  (eta 2144s)
  [  3/120] native        seed=5000 seat=0  WIN   margin=+1.000  steps=441 max_ms=183.2  (eta 1617s)
  [  4/120] native_sc     seed=5000 seat=0  WIN   margin=+1.000  steps=441 max_ms=100.8  (eta 1221s)
  [  5/120] base          seed=5000 seat=0  WIN   margin=+0.962  steps=500 max_ms=262.6  (eta 1141s)
  [  6/120] native_sc     seed=5001 seat=1  loss  margin=-1.000  steps=140 max_ms=65.5  (eta 1031s)
  [  7/120] base          seed=5002 seat=0  loss  margin=-1.000  steps=140 max_ms=54.3  (eta 929s)
  [  8/120] native        seed=5002 seat=0  WIN   margin=+1.000  steps=139 max_ms=60.1  (eta 829s)
  [  9/120] native_sc     seed=5002 seat=0  WIN   margin=+1.000  steps=139 max_ms=47.2  (eta 799s)
  [ 10/120] base          seed=5003 seat=1  loss  margin=-1.000  steps=153 max_ms=237.7  (eta 780s)
  [ 11/120] native        seed=5003 seat=1  WIN   margin=+1.000  steps=273 max_ms=47.2  (eta 815s)
  [ 12/120] native_sc     seed=5003 seat=1  WIN   margin=+1.000  steps=273 max_ms=42.8  (eta 761s)
  [ 13/120] native        seed=5004 seat=0  loss  margin=-1.000  steps=181 max_ms=63.3  (eta 729s)
  [ 14/120] base          seed=5004 seat=0  WIN   margin=+1.000  steps=222 max_ms=321.0  (eta 677s)
  [ 15/120] native_sc     seed=5004 seat=0  loss  margin=-1.000  steps=181 max_ms=58.0  (eta 698s)
  [ 16/120] base          seed=5005 seat=1  WIN   margin=+1.000  steps=138 max_ms=100.7  (eta 651s)
  [ 17/120] native        seed=5005 seat=1  WIN   margin=+1.000  steps=136 max_ms=38.7  (eta 623s)
  [ 18/120] native_sc     seed=5005 seat=1  WIN   margin=+1.000  steps=136 max_ms=62.6  (eta 596s)
  [ 19/120] base          seed=5007 seat=1  WIN   margin=+1.000  steps=184 max_ms=96.6  (eta 667s)
  [ 20/120] native        seed=5006 seat=0  loss  margin=-1.000  steps=403 max_ms=88.6  (eta 674s)
  [ 21/120] native_sc     seed=5006 seat=0  loss  margin=-1.000  steps=403 max_ms=64.9  (eta 663s)
  [ 22/120] native        seed=5007 seat=1  loss  margin=-1.000  steps=157 max_ms=52.6  (eta 633s)
  [ 23/120] base          seed=5006 seat=0  loss  margin=-0.950  steps=500 max_ms=267.9  (eta 600s)
  [ 24/120] native_sc     seed=5007 seat=1  loss  margin=-1.000  steps=157 max_ms=47.7  (eta 610s)
  [ 25/120] native_sc     seed=5008 seat=0  loss  margin=-1.000  steps=120 max_ms=223.9  (eta 591s)
  [ 26/120] native        seed=5008 seat=0  loss  margin=-1.000  steps=120 max_ms=228.0  (eta 562s)
  [ 27/120] base          seed=5008 seat=0  loss  margin=-1.000  steps=128 max_ms=65.4  (eta 543s)
  [ 28/120] base          seed=5009 seat=1  loss  margin=-1.000  steps=147 max_ms=56.8  (eta 558s)
  [ 29/120] native_sc     seed=5009 seat=1  loss  margin=-1.000  steps=164 max_ms=40.7  (eta 540s)
  [ 30/120] native        seed=5009 seat=1  loss  margin=-1.000  steps=164 max_ms=42.3  (eta 516s)
  [ 31/120] base          seed=5010 seat=0  WIN   margin=+1.000  steps=150 max_ms=323.1  (eta 507s)
  [ 32/120] native        seed=5010 seat=0  WIN   margin=+1.000  steps=158 max_ms=291.4  (eta 514s)
  [ 33/120] base          seed=5011 seat=1  WIN   margin=+1.000  steps=131 max_ms=46.4  (eta 492s)
  [ 34/120] native_sc     seed=5010 seat=0  WIN   margin=+1.000  steps=158 max_ms=234.4  (eta 475s)
  [ 35/120] native        seed=5011 seat=1  WIN   margin=+1.000  steps=128 max_ms=57.5  (eta 469s)
  [ 36/120] base          seed=5012 seat=0  WIN   margin=+1.000  steps=119 max_ms=236.3  (eta 468s)
  [ 37/120] native        seed=5012 seat=0  WIN   margin=+1.000  steps=127 max_ms=44.7  (eta 452s)
  [ 38/120] native_sc     seed=5011 seat=1  WIN   margin=+1.000  steps=128 max_ms=47.1  (eta 437s)
  [ 39/120] native_sc     seed=5012 seat=0  WIN   margin=+1.000  steps=127 max_ms=64.8  (eta 434s)
  [ 40/120] base          seed=5013 seat=1  WIN   margin=+1.000  steps=141 max_ms=51.7  (eta 435s)
  [ 41/120] native        seed=5013 seat=1  WIN   margin=+1.000  steps=153 max_ms=43.0  (eta 420s)
  [ 42/120] native_sc     seed=5013 seat=1  WIN   margin=+1.000  steps=153 max_ms=60.3  (eta 411s)
  [ 43/120] base          seed=5014 seat=0  loss  margin=-1.000  steps=124 max_ms=308.3  (eta 403s)
  [ 44/120] native_sc     seed=5014 seat=0  loss  margin=-1.000  steps=131 max_ms=53.2  (eta 402s)
  [ 45/120] native        seed=5014 seat=0  loss  margin=-1.000  steps=131 max_ms=61.9  (eta 388s)
  [ 46/120] base          seed=5015 seat=1  WIN   margin=+1.000  steps=127 max_ms=327.5  (eta 384s)
  [ 47/120] native        seed=5015 seat=1  loss  margin=-1.000  steps=123 max_ms=294.0  (eta 373s)
  [ 48/120] native_sc     seed=5015 seat=1  loss  margin=-1.000  steps=123 max_ms=239.1  (eta 370s)
  [ 49/120] base          seed=5016 seat=0  WIN   margin=+1.000  steps=145 max_ms=64.2  (eta 362s)
  [ 50/120] native        seed=5016 seat=0  loss  margin=-1.000  steps=188 max_ms=46.7  (eta 364s)
  [ 51/120] native_sc     seed=5016 seat=0  loss  margin=-1.000  steps=188 max_ms=47.0  (eta 355s)
  [ 52/120] base          seed=5017 seat=1  loss  margin=-1.000  steps=137 max_ms=63.3  (eta 346s)
  [ 53/120] native        seed=5017 seat=1  loss  margin=-1.000  steps=165 max_ms=39.2  (eta 337s)
  [ 54/120] native_sc     seed=5017 seat=1  loss  margin=-1.000  steps=165 max_ms=47.0  (eta 339s)
  [ 55/120] base          seed=5018 seat=0  loss  margin=-1.000  steps=136 max_ms=62.5  (eta 329s)
  [ 56/120] native_sc     seed=5018 seat=0  WIN   margin=+1.000  steps=145 max_ms=56.3  (eta 322s)
  [ 57/120] native        seed=5018 seat=0  WIN   margin=+1.000  steps=145 max_ms=54.9  (eta 312s)
  [ 58/120] base          seed=5019 seat=1  WIN   margin=+1.000  steps=123 max_ms=43.4  (eta 311s)
  [ 59/120] native        seed=5019 seat=1  WIN   margin=+1.000  steps=120 max_ms=290.1  (eta 302s)
  [ 60/120] native_sc     seed=5019 seat=1  WIN   margin=+1.000  steps=120 max_ms=236.2  (eta 296s)
  [ 61/120] base          seed=5020 seat=0  WIN   margin=+1.000  steps=228 max_ms=84.1  (eta 299s)
  [ 62/120] base          seed=5021 seat=1  loss  margin=-1.000  steps=166 max_ms=52.1  (eta 294s)
  [ 63/120] native        seed=5020 seat=0  WIN   margin=+1.000  steps=266 max_ms=239.7  (eta 285s)
  [ 64/120] native_sc     seed=5020 seat=0  WIN   margin=+1.000  steps=266 max_ms=321.4  (eta 279s)
  [ 65/120] base          seed=5022 seat=0  WIN   margin=+1.000  steps=142 max_ms=52.9  (eta 280s)
  [ 66/120] native        seed=5021 seat=1  loss  margin=-1.000  steps=201 max_ms=59.4  (eta 271s)
  [ 67/120] native_sc     seed=5021 seat=1  loss  margin=-1.000  steps=201 max_ms=49.1  (eta 264s)
  [ 68/120] native        seed=5022 seat=0  WIN   margin=+1.000  steps=116 max_ms=305.0  (eta 255s)
  [ 69/120] native_sc     seed=5022 seat=0  WIN   margin=+1.000  steps=116 max_ms=234.1  (eta 255s)
  [ 70/120] native_sc     seed=5023 seat=1  loss  margin=-1.000  steps=159 max_ms=42.8  (eta 250s)
  [ 71/120] base          seed=5023 seat=1  loss  margin=-1.000  steps=145 max_ms=71.5  (eta 242s)
  [ 72/120] native        seed=5023 seat=1  loss  margin=-1.000  steps=159 max_ms=53.8  (eta 234s)
  [ 73/120] base          seed=5024 seat=0  WIN   margin=+1.000  steps=166 max_ms=250.4  (eta 234s)
  [ 74/120] native        seed=5024 seat=0  loss  margin=-1.000  steps=117 max_ms=87.9  (eta 226s)
  [ 75/120] native_sc     seed=5024 seat=0  loss  margin=-1.000  steps=117 max_ms=56.5  (eta 220s)
  [ 76/120] base          seed=5025 seat=1  WIN   margin=+1.000  steps=236 max_ms=305.1  (eta 217s)
  [ 77/120] native        seed=5025 seat=1  loss  margin=-1.000  steps=158 max_ms=48.9  (eta 212s)
  [ 78/120] native_sc     seed=5025 seat=1  loss  margin=-1.000  steps=158 max_ms=63.4  (eta 205s)
  [ 79/120] base          seed=5026 seat=0  loss  margin=-1.000  steps=174 max_ms=64.5  (eta 202s)
  [ 80/120] native        seed=5026 seat=0  WIN   margin=+1.000  steps=186 max_ms=316.4  (eta 197s)
  [ 81/120] native_sc     seed=5026 seat=0  WIN   margin=+1.000  steps=186 max_ms=227.0  (eta 191s)
  [ 82/120] base          seed=5027 seat=1  loss  margin=-1.000  steps=149 max_ms=59.1  (eta 185s)
  [ 83/120] native        seed=5027 seat=1  loss  margin=-1.000  steps=126 max_ms=107.9  (eta 180s)
  [ 84/120] native_sc     seed=5027 seat=1  loss  margin=-1.000  steps=126 max_ms=95.1  (eta 176s)
  [ 85/120] base          seed=5028 seat=0  loss  margin=-1.000  steps=142 max_ms=96.7  (eta 171s)
  [ 86/120] native        seed=5028 seat=0  loss  margin=-1.000  steps=137 max_ms=83.4  (eta 165s)
  [ 87/120] native_sc     seed=5028 seat=0  loss  margin=-1.000  steps=137 max_ms=42.1  (eta 159s)
  [ 88/120] base          seed=5029 seat=1  loss  margin=-1.000  steps=195 max_ms=235.3  (eta 156s)
  [ 89/120] base          seed=5030 seat=0  WIN   margin=+1.000  steps=113 max_ms=52.8  (eta 151s)
  [ 90/120] native        seed=5029 seat=1  WIN   margin=+1.000  steps=184 max_ms=45.8  (eta 145s)
  [ 91/120] native_sc     seed=5029 seat=1  WIN   margin=+1.000  steps=184 max_ms=52.7  (eta 139s)
  [ 92/120] native        seed=5030 seat=0  WIN   margin=+1.000  steps=167 max_ms=77.2  (eta 137s)
  [ 93/120] base          seed=5031 seat=1  WIN   margin=+1.000  steps=139 max_ms=65.5  (eta 131s)
  [ 94/120] native_sc     seed=5030 seat=0  WIN   margin=+1.000  steps=167 max_ms=93.8  (eta 125s)
  [ 95/120] native        seed=5031 seat=1  WIN   margin=+1.000  steps=201 max_ms=83.5  (eta 120s)
  [ 96/120] base          seed=5032 seat=0  WIN   margin=+1.000  steps=146 max_ms=94.0  (eta 117s)
  [ 97/120] native_sc     seed=5031 seat=1  WIN   margin=+1.000  steps=201 max_ms=79.1  (eta 112s)
  [ 98/120] native        seed=5032 seat=0  WIN   margin=+1.000  steps=132 max_ms=91.3  (eta 106s)
  [ 99/120] native_sc     seed=5032 seat=0  WIN   margin=+1.000  steps=132 max_ms=80.4  (eta 100s)
  [100/120] base          seed=5033 seat=1  loss  margin=-1.000  steps=144 max_ms=177.4  (eta 98s)
  [101/120] native        seed=5033 seat=1  loss  margin=-1.000  steps=158 max_ms=353.8  (eta 93s)
  [102/120] base          seed=5034 seat=0  loss  margin=-1.000  steps=139 max_ms=652.1  (eta 87s)
  [103/120] native_sc     seed=5033 seat=1  loss  margin=-1.000  steps=158 max_ms=450.8  (eta 82s)
  [104/120] native        seed=5034 seat=0  loss  margin=-1.000  steps=135 max_ms=313.6  (eta 78s)
  [105/120] native_sc     seed=5034 seat=0  loss  margin=-1.000  steps=135 max_ms=302.8  (eta 73s)
  [106/120] native        seed=5035 seat=1  loss  margin=-1.000  steps=130 max_ms=224.4  (eta 67s)
  [107/120] base          seed=5035 seat=1  loss  margin=-1.000  steps=148 max_ms=306.9  (eta 62s)
  [108/120] native_sc     seed=5035 seat=1  loss  margin=-1.000  steps=130 max_ms=292.6  (eta 58s)
  [109/120] native        seed=5036 seat=0  WIN   margin=+1.000  steps=138 max_ms=241.6  (eta 53s)
  [110/120] base          seed=5036 seat=0  WIN   margin=+1.000  steps=141 max_ms=113.5  (eta 48s)
  [111/120] native_sc     seed=5036 seat=0  WIN   margin=+1.000  steps=138 max_ms=324.6  (eta 43s)
  [112/120] base          seed=5037 seat=1  WIN   margin=+1.000  steps=136 max_ms=105.2  (eta 39s)
  [113/120] native        seed=5037 seat=1  loss  margin=-1.000  steps=169 max_ms=105.6  (eta 34s)
  [114/120] native_sc     seed=5037 seat=1  loss  margin=-1.000  steps=169 max_ms=88.0  (eta 29s)
  [115/120] base          seed=5039 seat=1  WIN   margin=+1.000  steps=116 max_ms=235.6  (eta 24s)
  [116/120] native        seed=5039 seat=1  WIN   margin=+1.000  steps=117 max_ms=246.3  (eta 20s)
  [117/120] base          seed=5038 seat=0  loss  margin=-0.963  steps=500 max_ms=342.9  (eta 15s)
  [118/120] native        seed=5038 seat=0  loss  margin=-0.991  steps=500 max_ms=83.4  (eta 10s)
  [119/120] native_sc     seed=5039 seat=1  WIN   margin=+1.000  steps=117 max_ms=263.0  (eta 5s)
  [120/120] native_sc     seed=5038 seat=0  loss  margin=-0.991  steps=500 max_ms=93.1  (eta 0s)
# run done in 590s -> audit/continuous-ab-native-selfconsist-n40.jsonl
(pairing reference = 'base')

============================================================================================
CONTINUOUS-SCORE A/B  (margin = (focal_ships - rival_ships)/(focal_ships + rival_ships) in [-1,1]; sign = win)
vs Producer V2
============================================================================================
variant            n | wins (Wilson lo-hi) | mean margin [95% CI]   | paired vs base  Δmargin   
--------------------------------------------------------------------------------------------
base              40 |  21/40  (0.37-0.67) | +0.051 [-0.261,+0.364]  | (reference)
native            40 |  19/40  (0.33-0.63) | -0.050 [-0.363,+0.264]  | -0.101 [-0.450,+0.249] up/dn=6/9 p=0.61
native_sc         40 |  19/40  (0.33-0.63) | -0.050 [-0.363,+0.264]  | -0.101 [-0.450,+0.249] up/dn=6/9 p=0.61

Reading the paired column:
  Δmargin>0 = variant dominates base on the same maps; [lo,hi] is the
  bootstrap 95%% CI on the mean per-map margin shift; up/dn = maps the
  variant beat / lost to base on margin; '*' = CI excludes 0 (real).
  Win-rate Wilson CI is the OLD coarse signal, shown for continuity.
