== clean_ffa focal=producer_plus_mass_on.py  background=main.pyx3  seeds=32  workers=2 ==
   seed=   0  seat=0     LOSS  steps=177  wall=17s  rewards=[-1, 1, -1, -1]
   seed=   1  seat=1     LOSS  steps=210  wall=19s  rewards=[-1, -1, 1, -1]
   seed=   3  seat=3     LOSS  steps=155  wall=18s  rewards=[-1, 1, -1, -1]
   seed=   2  seat=2      WIN  steps=219  wall=25s  rewards=[-1, -1, 1, -1]
   seed=   4  seat=0     LOSS  steps=193  wall=27s  rewards=[-1, -1, -1, 1]
   seed=   6  seat=2     LOSS  steps=122  wall=20s  rewards=[1, -1, -1, -1]
   seed=   5  seat=1     LOSS  steps=384  wall=65s  rewards=[1, -1, -1, -1]
   seed=   7  seat=3     LOSS  steps=317  wall=46s  rewards=[-1, -1, 1, -1]
   seed=   8  seat=0     LOSS  steps=232  wall=37s  rewards=[-1, -1, 1, -1]
   seed=   9  seat=1     LOSS  steps=118  wall=18s  rewards=[1, -1, -1, -1]
   seed=  10  seat=2     LOSS  steps=131  wall=22s  rewards=[1, -1, -1, -1]
   seed=  12  seat=0      WIN  steps=181  wall=34s  rewards=[1, -1, -1, -1]
   seed=  11  seat=3     LOSS  steps=500  wall=81s  rewards=[1, 1, 1, 1]
   seed=  13  seat=1     LOSS  steps=195  wall=36s  rewards=[1, -1, -1, -1]
   seed=  14  seat=2     LOSS  steps=146  wall=23s  rewards=[1, -1, -1, -1]
   seed=  15  seat=3      WIN  steps=221  wall=32s  rewards=[-1, -1, -1, 1]
   seed=  16  seat=0     LOSS  steps=131  wall=19s  rewards=[-1, -1, 1, -1]
   seed=  17  seat=1     LOSS  steps=173  wall=26s  rewards=[-1, -1, -1, 1]
   seed=  18  seat=2      WIN  steps=118  wall=20s  rewards=[-1, -1, 1, -1]
   seed=  19  seat=3      WIN  steps=346  wall=50s  rewards=[-1, -1, -1, 1]
   seed=  20  seat=0     LOSS  steps=500  wall=75s  rewards=[-1, -1, -1, 1]
   seed=  21  seat=1     LOSS  steps=393  wall=61s  rewards=[-1, -1, 1, -1]
   seed=  22  seat=2      WIN  steps=269  wall=40s  rewards=[-1, -1, 1, -1]
   seed=  23  seat=3     LOSS  steps=106  wall=14s  rewards=[1, -1, -1, -1]
   seed=  24  seat=0     LOSS  steps=146  wall=15s  rewards=[-1, 1, -1, -1]
   seed=  25  seat=1     LOSS  steps=500  wall=57s  rewards=[1, 1, 1, 1]
   seed=  26  seat=2     LOSS  steps=500  wall=58s  rewards=[1, 1, 1, 1]
   seed=  28  seat=0     LOSS  steps=175  wall=20s  rewards=[-1, -1, -1, 1]
   seed=  29  seat=1     LOSS  steps=162  wall=25s  rewards=[-1, -1, -1, 1]
   seed=  27  seat=3     LOSS  steps=500  wall=57s  rewards=[-1, -1, 1, -1]
   seed=  30  seat=2     LOSS  steps=130  wall=23s  rewards=[1, -1, -1, -1]
   seed=  31  seat=3      WIN  steps=190  wall=27s  rewards=[-1, -1, -1, 1]

   focal_first_place=7/32 (21.9%)  errs/timeouts=0  Wilson[0.110, 0.388]  (4P random baseline = 25%)  elapsed=622s
