== clean_ab focal=producer_plus_mass_on.py  opp=_ns_multi_opp_def.py  seeds=16 (×2 seats = 32 games)  workers=2 ==
   seed=   0  seat=P1     LOSS  steps=137  wall=14.4s
   seed=   0  seat=P0     LOSS  steps=137  wall=14.7s
   seed=   1  seat=P0      WIN  steps=323  wall=29.2s
   seed=   1  seat=P1      WIN  steps=323  wall=29.8s
   seed=   2  seat=P0     LOSS  steps=139  wall=14.3s
   seed=   2  seat=P1     LOSS  steps=139  wall=13.8s
   seed=   3  seat=P0      WIN  steps=134  wall=14.1s
   seed=   3  seat=P1      WIN  steps=293  wall=30.5s
   seed=   4  seat=P0      WIN  steps=126  wall=12.6s
   seed=   4  seat=P1      WIN  steps=126  wall=12.7s
   seed=   5  seat=P0      WIN  steps=190  wall=20.8s
   seed=   6  seat=P0     LOSS  steps=180  wall=19.1s
   seed=   5  seat=P1      WIN  steps=294  wall=31.2s
   seed=   6  seat=P1     LOSS  steps=164  wall=15.3s
   seed=   7  seat=P0     LOSS  steps=127  wall=13.1s
   seed=   7  seat=P1     LOSS  steps=127  wall=12.4s
   seed=   8  seat=P0      WIN  steps=146  wall=14.6s
   seed=   8  seat=P1      WIN  steps=145  wall=14.7s
   seed=   9  seat=P0      WIN  steps=154  wall=15.2s
   seed=   9  seat=P1      WIN  steps=154  wall=15.1s
   seed=  10  seat=P0     LOSS  steps=132  wall=14.4s
   seed=  10  seat=P1     LOSS  steps=127  wall=14.5s
   seed=  11  seat=P0     LOSS  steps=500  wall=52.4s
   seed=  11  seat=P1     LOSS  steps=500  wall=51.8s
   seed=  12  seat=P0      WIN  steps=174  wall=18.6s
   seed=  12  seat=P1      WIN  steps=174  wall=18.5s
   seed=  13  seat=P0      WIN  steps=110  wall=12.8s
   seed=  13  seat=P1      WIN  steps=110  wall=12.4s
   seed=  14  seat=P0     LOSS  steps=131  wall=13.3s
   seed=  14  seat=P1     LOSS  steps=126  wall=14.0s
   seed=  15  seat=P0      WIN  steps=203  wall=19.5s
   seed=  15  seat=P1      WIN  steps=203  wall=19.2s

   focal_wins=18/32 (56.2%)  errs/timeouts=0  Wilson[0.393, 0.718]  elapsed=380s
