== clean_ffa focal=producer_plus_reinforce_deficit_on.py  background=main.pyx3  seeds=32  workers=2 ==
   seed=   1  seat=1     LOSS  steps=182  wall=17s  rewards=[-1, -1, 1, -1]
   seed=   0  seat=0     LOSS  steps=177  wall=18s  rewards=[-1, 1, -1, -1]
   seed=   2  seat=2     LOSS  steps=192  wall=22s  rewards=[-1, 1, -1, -1]
   seed=   3  seat=3     LOSS  steps=196  wall=24s  rewards=[1, -1, -1, -1]
   seed=   4  seat=0     LOSS  steps=182  wall=20s  rewards=[-1, -1, -1, 1]
   seed=   6  seat=2     LOSS  steps=126  wall=14s  rewards=[-1, 1, -1, -1]
   seed=   5  seat=1      WIN  steps=324  wall=38s  rewards=[-1, 1, -1, -1]
   seed=   7  seat=3     LOSS  steps=182  wall=20s  rewards=[-1, 1, -1, -1]
   seed=   8  seat=0     LOSS  steps=244  wall=27s  rewards=[-1, -1, 1, -1]
   seed=   9  seat=1     LOSS  steps=129  wall=15s  rewards=[1, -1, -1, -1]
   seed=  10  seat=2     LOSS  steps=132  wall=16s  rewards=[-1, 1, -1, -1]
   seed=  12  seat=0      WIN  steps=235  wall=28s  rewards=[1, -1, -1, -1]
   seed=  11  seat=3     LOSS  steps=500  wall=60s  rewards=[1, -1, -1, -1]
   seed=  13  seat=1      WIN  steps=136  wall=18s  rewards=[-1, 1, -1, -1]
   seed=  14  seat=2     LOSS  steps=178  wall=20s  rewards=[-1, 1, -1, -1]
   seed=  15  seat=3     LOSS  steps=208  wall=24s  rewards=[1, -1, -1, -1]
   seed=  16  seat=0     LOSS  steps=135  wall=15s  rewards=[-1, -1, 1, -1]
   seed=  17  seat=1     LOSS  steps=129  wall=14s  rewards=[-1, -1, 1, -1]
   seed=  18  seat=2     LOSS  steps=98  wall=12s  rewards=[1, -1, -1, -1]
   seed=  19  seat=3      WIN  steps=158  wall=17s  rewards=[-1, -1, -1, 1]
   seed=  21  seat=1     LOSS  steps=174  wall=22s  rewards=[1, -1, -1, -1]
   seed=  22  seat=2     LOSS  steps=107  wall=11s  rewards=[1, -1, -1, -1]
   seed=  20  seat=0      WIN  steps=500  wall=50s  rewards=[1, -1, -1, -1]
   seed=  23  seat=3     LOSS  steps=146  wall=16s  rewards=[1, -1, -1, -1]
   seed=  24  seat=0      WIN  steps=178  wall=17s  rewards=[1, -1, -1, -1]
   seed=  25  seat=1     LOSS  steps=199  wall=21s  rewards=[1, -1, -1, -1]
   seed=  26  seat=2     LOSS  steps=225  wall=23s  rewards=[-1, 1, -1, -1]
   seed=  28  seat=0     LOSS  steps=180  wall=22s  rewards=[-1, 1, -1, -1]
   seed=  27  seat=3      WIN  steps=500  wall=49s  rewards=[-1, -1, -1, 1]
   seed=  29  seat=1     LOSS  steps=195  wall=22s  rewards=[-1, -1, 1, -1]
   seed=  30  seat=2      WIN  steps=132  wall=16s  rewards=[-1, -1, 1, -1]
   seed=  31  seat=3      WIN  steps=212  wall=19s  rewards=[-1, -1, -1, 1]

   focal_first_place=9/32 (28.1%)  errs/timeouts=0  Wilson[0.156, 0.454]  (4P random baseline = 25%)  elapsed=431s
