== clean_ffa focal=producer_plus_multi_opp_def_on.py  background=main.pyx3  seeds=32  workers=2 ==
   seed=   1  seat=1     LOSS  steps=182  wall=17s  rewards=[-1, -1, 1, -1]
   seed=   0  seat=0     LOSS  steps=177  wall=17s  rewards=[-1, 1, -1, -1]
   seed=   2  seat=2     LOSS  steps=161  wall=18s  rewards=[-1, 1, -1, -1]
   seed=   3  seat=3     LOSS  steps=147  wall=19s  rewards=[-1, 1, -1, -1]
   seed=   4  seat=0      WIN  steps=133  wall=14s  rewards=[1, -1, -1, -1]
   seed=   6  seat=2     LOSS  steps=116  wall=13s  rewards=[-1, 1, -1, -1]
   seed=   5  seat=1      WIN  steps=324  wall=37s  rewards=[-1, 1, -1, -1]
   seed=   7  seat=3      WIN  steps=263  wall=25s  rewards=[-1, -1, -1, 1]
   seed=   8  seat=0     LOSS  steps=186  wall=23s  rewards=[-1, -1, -1, 1]
   seed=   9  seat=1     LOSS  steps=120  wall=15s  rewards=[1, -1, -1, -1]
   seed=  10  seat=2     LOSS  steps=90  wall=12s  rewards=[-1, 1, -1, -1]
   seed=  12  seat=0     LOSS  steps=170  wall=20s  rewards=[-1, -1, -1, 1]
   seed=  13  seat=1      WIN  steps=158  wall=20s  rewards=[-1, 1, -1, -1]
   seed=  11  seat=3     LOSS  steps=500  wall=60s  rewards=[1, -1, -1, -1]
   seed=  14  seat=2      WIN  steps=141  wall=16s  rewards=[-1, -1, 1, -1]
   seed=  16  seat=0      WIN  steps=115  wall=14s  rewards=[1, -1, -1, -1]
   seed=  15  seat=3      WIN  steps=218  wall=24s  rewards=[-1, -1, -1, 1]
   seed=  17  seat=1     LOSS  steps=129  wall=15s  rewards=[-1, -1, 1, -1]
   seed=  18  seat=2     LOSS  steps=98  wall=12s  rewards=[1, -1, -1, -1]
   seed=  19  seat=3      WIN  steps=155  wall=17s  rewards=[-1, -1, -1, 1]
   seed=  20  seat=0      WIN  steps=500  wall=51s  rewards=[1, -1, -1, -1]
   seed=  21  seat=1     LOSS  steps=277  wall=33s  rewards=[1, -1, -1, -1]
   seed=  22  seat=2     LOSS  steps=145  wall=14s  rewards=[1, -1, -1, -1]
   seed=  23  seat=3     LOSS  steps=124  wall=14s  rewards=[1, -1, -1, -1]
   seed=  24  seat=0      WIN  steps=152  wall=14s  rewards=[1, -1, -1, -1]
   seed=  25  seat=1     LOSS  steps=200  wall=21s  rewards=[1, -1, -1, -1]
   seed=  26  seat=2     LOSS  steps=256  wall=27s  rewards=[-1, -1, -1, 1]
   seed=  27  seat=3      WIN  steps=500  wall=48s  rewards=[-1, -1, -1, 1]
   seed=  28  seat=0     LOSS  steps=223  wall=27s  rewards=[-1, -1, 1, -1]
   seed=  30  seat=2      WIN  steps=134  wall=15s  rewards=[-1, -1, 1, -1]
   seed=  29  seat=1     LOSS  steps=226  wall=26s  rewards=[1, -1, -1, -1]
   seed=  31  seat=3      WIN  steps=210  wall=19s  rewards=[-1, -1, -1, 1]

   focal_first_place=13/32 (40.6%)  errs/timeouts=0  Wilson[0.255, 0.577]  (4P random baseline = 25%)  elapsed=427s
