== clean_ffa focal=producer_plus_tick4p_on.py  background=main.pyx3  seeds=32  workers=2 ==
   seed=   1  seat=1     LOSS  steps=155  wall=23s  rewards=[-1, -1, 1, -1]
   seed=   0  seat=0     LOSS  steps=188  wall=37s  rewards=[-1, 1, -1, -1]
   seed=   2  seat=2     LOSS  steps=221  wall=46s  rewards=[1, -1, -1, -1]
   seed=   3  seat=3     LOSS  steps=155  wall=35s  rewards=[-1, 1, -1, -1]
   seed=   4  seat=0     LOSS  steps=112  wall=23s  rewards=[-1, -1, -1, 1]
   seed=   5  seat=1     LOSS  steps=216  wall=45s  rewards=[-1, -1, -1, 1]
   seed=   6  seat=2     LOSS  steps=119  wall=26s  rewards=[-1, 1, -1, -1]
   seed=   8  seat=0     LOSS  steps=171  wall=39s  rewards=[-1, -1, -1, 1]
   seed=   7  seat=3     LOSS  steps=246  wall=50s  rewards=[-1, -1, 1, -1]
   seed=   9  seat=1     LOSS  steps=119  wall=24s  rewards=[1, -1, -1, -1]
   seed=  10  seat=2     LOSS  steps=138  wall=31s  rewards=[1, -1, -1, -1]
   seed=  12  seat=0      WIN  steps=134  wall=27s  rewards=[1, -1, -1, -1]
   seed=  13  seat=1      WIN  steps=166  wall=37s  rewards=[-1, 1, -1, -1]
   seed=  11  seat=3     LOSS  steps=500  wall=96s  rewards=[-1, 1, -1, -1]
   seed=  14  seat=2     LOSS  steps=164  wall=36s  rewards=[1, -1, -1, -1]
   seed=  15  seat=3     LOSS  steps=237  wall=44s  rewards=[-1, 1, -1, -1]
   seed=  16  seat=0      WIN  steps=144  wall=29s  rewards=[1, -1, -1, -1]
   seed=  17  seat=1      WIN  steps=172  wall=28s  rewards=[-1, 1, -1, -1]
   seed=  18  seat=2      WIN  steps=205  wall=41s  rewards=[-1, -1, 1, -1]
   seed=  19  seat=3     LOSS  steps=197  wall=37s  rewards=[-1, 1, -1, -1]
   seed=  21  seat=1      WIN  steps=131  wall=28s  rewards=[-1, 1, -1, -1]
   seed=  20  seat=0      WIN  steps=454  wall=62s  rewards=[1, -1, -1, -1]
   seed=  22  seat=2     LOSS  steps=194  wall=29s  rewards=[1, -1, -1, -1]
   seed=  23  seat=3     LOSS  steps=151  wall=26s  rewards=[-1, -1, 1, -1]
   seed=  24  seat=0      WIN  steps=239  wall=31s  rewards=[1, -1, -1, -1]
   seed=  25  seat=1     LOSS  steps=201  wall=36s  rewards=[1, -1, -1, -1]
   seed=  26  seat=2     LOSS  steps=321  wall=77s  rewards=[1, -1, -1, -1]
   seed=  27  seat=3      WIN  steps=343  wall=83s  rewards=[-1, -1, -1, 1]
   seed=  28  seat=0     LOSS  steps=251  wall=48s  rewards=[-1, -1, -1, 1]
   seed=  29  seat=1     LOSS  steps=157  wall=32s  rewards=[1, -1, -1, -1]
   seed=  30  seat=2     LOSS  steps=139  wall=31s  rewards=[-1, -1, -1, 1]
   seed=  31  seat=3      WIN  steps=202  wall=35s  rewards=[-1, -1, -1, 1]

   focal_first_place=10/32 (31.2%)  errs/timeouts=0  Wilson[0.180, 0.486]  (4P random baseline = 25%)  elapsed=705s
